10:24:41 **** Incremental Build of configuration Debug for project ide-cubeide-test1-idf ****
make -j8 all 
arm-none-eabi-g++ "C:/Users/vince/OneDrive/Documents/3e/PTR/_Labo/0_XF/work/src/simplified/xf/port/idf-stm32/eventqueue.cpp" -mcpu=cortex-m7 -std=gnu++11 -g3 '-D__weak=__attribute__((weak))' '-D__packed=__attribute__((__packed__))' -DUSE_HAL_DRIVER -DSTM32F746xx -c -I"C:/Users/vince/OneDrive/Documents/3e/PTR/_Labo/0_XF/work/test-bench/test1/ide-cubeide-test1-idf/../src" -I"C:/Users/vince/OneDrive/Documents/3e/PTR/_Labo/0_XF/work/test-bench/test1/ide-cubeide-test1-idf/Core/Inc" -I"C:/Users/vince/OneDrive/Documents/3e/PTR/_Labo/0_XF/work/test-bench/test1/ide-cubeide-test1-idf" -I"C:/Users/vince/OneDrive/Documents/3e/PTR/_Labo/0_XF/work/src/platform/f7-disco-gcc" -I"C:/Users/vince/OneDrive/Documents/3e/PTR/_Labo/0_XF/work/src/platform/f7-disco-gcc/mcu" -I"C:/Users/vince/OneDrive/Documents/3e/PTR/_Labo/0_XF/work/test-bench/test1/ide-cubeide-test1-idf/../../../src" -I"C:/Users/vince/OneDrive/Documents/3e/PTR/_Labo/0_XF/work/src/simplified/xf/include" -I"C:/Users/vince/OneDrive/Documents/3e/PTR/_Labo/0_XF/work/src/simplified/xf/port" -I"C:/Users/vince/OneDrive/Documents/3e/PTR/_Labo/0_XF/work/src/simplified/xf/port/common" -I"C:/Users/vince/OneDrive/Documents/3e/PTR/_Labo/0_XF/work/src/simplified/xf/port/idf-stm32" -I"C:/Users/vince/OneDrive/Documents/3e/PTR/_Labo/0_XF/work/test-bench/test1/ide-cubeide-test1-idf/../../../src/mdw" -I"C:/Users/vince/OneDrive/Documents/3e/PTR/_Labo/0_XF/work/test-bench/test1/ide-cubeide-test1-idf/../../../src/mdw/trace" -I"C:/Users/vince/OneDrive/Documents/3e/PTR/_Labo/0_XF/work/test-bench/test1/ide-cubeide-test1-idf/../../common" -I"C:/Users/vince/OneDrive/Documents/3e/PTR/_Labo/0_XF/work/test-bench/test1/ide-cubeide-test1-idf/Drivers/STM32F7xx_HAL_Driver/Inc" -I"C:/Users/vince/OneDrive/Documents/3e/PTR/_Labo/0_XF/work/test-bench/test1/ide-cubeide-test1-idf/Drivers/STM32F7xx_HAL_Driver/Inc/Legacy" -I"C:/Users/vince/OneDrive/Documents/3e/PTR/_Labo/0_XF/work/test-bench/test1/ide-cubeide-test1-idf/Drivers/CMSIS/Device/ST/STM32F7xx/Include" -I"C:/Users/vince/OneDrive/Documents/3e/PTR/_Labo/0_XF/work/test-bench/test1/ide-cubeide-test1-idf/Drivers/CMSIS/Include" -Og -ffunction-sections -fno-exceptions -fno-rtti -fno-use-cxa-atexit -Wall -fstack-usage -MMD -MP -MF"xf/port/idf-stm32/eventqueue.d" -MT"xf/port/idf-stm32/eventqueue.o" --specs=nano.specs -mfpu=fpv5-sp-d16 -mfloat-abi=hard -mthumb -o "xf/port/idf-stm32/eventqueue.o"
arm-none-eabi-g++ "C:/Users/vince/OneDrive/Documents/3e/PTR/_Labo/0_XF/work/src/simplified/xf/port/idf-stm32/mutex.cpp" -mcpu=cortex-m7 -std=gnu++11 -g3 '-D__weak=__attribute__((weak))' '-D__packed=__attribute__((__packed__))' -DUSE_HAL_DRIVER -DSTM32F746xx -c -I"C:/Users/vince/OneDrive/Documents/3e/PTR/_Labo/0_XF/work/test-bench/test1/ide-cubeide-test1-idf/../src" -I"C:/Users/vince/OneDrive/Documents/3e/PTR/_Labo/0_XF/work/test-bench/test1/ide-cubeide-test1-idf/Core/Inc" -I"C:/Users/vince/OneDrive/Documents/3e/PTR/_Labo/0_XF/work/test-bench/test1/ide-cubeide-test1-idf" -I"C:/Users/vince/OneDrive/Documents/3e/PTR/_Labo/0_XF/work/src/platform/f7-disco-gcc" -I"C:/Users/vince/OneDrive/Documents/3e/PTR/_Labo/0_XF/work/src/platform/f7-disco-gcc/mcu" -I"C:/Users/vince/OneDrive/Documents/3e/PTR/_Labo/0_XF/work/test-bench/test1/ide-cubeide-test1-idf/../../../src" -I"C:/Users/vince/OneDrive/Documents/3e/PTR/_Labo/0_XF/work/src/simplified/xf/include" -I"C:/Users/vince/OneDrive/Documents/3e/PTR/_Labo/0_XF/work/src/simplified/xf/port" -I"C:/Users/vince/OneDrive/Documents/3e/PTR/_Labo/0_XF/work/src/simplified/xf/port/common" -I"C:/Users/vince/OneDrive/Documents/3e/PTR/_Labo/0_XF/work/src/simplified/xf/port/idf-stm32" -I"C:/Users/vince/OneDrive/Documents/3e/PTR/_Labo/0_XF/work/test-bench/test1/ide-cubeide-test1-idf/../../../src/mdw" -I"C:/Users/vince/OneDrive/Documents/3e/PTR/_Labo/0_XF/work/test-bench/test1/ide-cubeide-test1-idf/../../../src/mdw/trace" -I"C:/Users/vince/OneDrive/Documents/3e/PTR/_Labo/0_XF/work/test-bench/test1/ide-cubeide-test1-idf/../../common" -I"C:/Users/vince/OneDrive/Documents/3e/PTR/_Labo/0_XF/work/test-bench/test1/ide-cubeide-test1-idf/Drivers/STM32F7xx_HAL_Driver/Inc" -I"C:/Users/vince/OneDrive/Documents/3e/PTR/_Labo/0_XF/work/test-bench/test1/ide-cubeide-test1-idf/Drivers/STM32F7xx_HAL_Driver/Inc/Legacy" -I"C:/Users/vince/OneDrive/Documents/3e/PTR/_Labo/0_XF/work/test-bench/test1/ide-cubeide-test1-idf/Drivers/CMSIS/Device/ST/STM32F7xx/Include" -I"C:/Users/vince/OneDrive/Documents/3e/PTR/_Labo/0_XF/work/test-bench/test1/ide-cubeide-test1-idf/Drivers/CMSIS/Include" -Og -ffunction-sections -fno-exceptions -fno-rtti -fno-use-cxa-atexit -Wall -fstack-usage -MMD -MP -MF"xf/port/idf-stm32/mutex.d" -MT"xf/port/idf-stm32/mutex.o" --specs=nano.specs -mfpu=fpv5-sp-d16 -mfloat-abi=hard -mthumb -o "xf/port/idf-stm32/mutex.o"
arm-none-eabi-g++ "C:/Users/vince/OneDrive/Documents/3e/PTR/_Labo/0_XF/work/src/simplified/xf/port/idf-stm32/xf.cpp" -mcpu=cortex-m7 -std=gnu++11 -g3 '-D__weak=__attribute__((weak))' '-D__packed=__attribute__((__packed__))' -DUSE_HAL_DRIVER -DSTM32F746xx -c -I"C:/Users/vince/OneDrive/Documents/3e/PTR/_Labo/0_XF/work/test-bench/test1/ide-cubeide-test1-idf/../src" -I"C:/Users/vince/OneDrive/Documents/3e/PTR/_Labo/0_XF/work/test-bench/test1/ide-cubeide-test1-idf/Core/Inc" -I"C:/Users/vince/OneDrive/Documents/3e/PTR/_Labo/0_XF/work/test-bench/test1/ide-cubeide-test1-idf" -I"C:/Users/vince/OneDrive/Documents/3e/PTR/_Labo/0_XF/work/src/platform/f7-disco-gcc" -I"C:/Users/vince/OneDrive/Documents/3e/PTR/_Labo/0_XF/work/src/platform/f7-disco-gcc/mcu" -I"C:/Users/vince/OneDrive/Documents/3e/PTR/_Labo/0_XF/work/test-bench/test1/ide-cubeide-test1-idf/../../../src" -I"C:/Users/vince/OneDrive/Documents/3e/PTR/_Labo/0_XF/work/src/simplified/xf/include" -I"C:/Users/vince/OneDrive/Documents/3e/PTR/_Labo/0_XF/work/src/simplified/xf/port" -I"C:/Users/vince/OneDrive/Documents/3e/PTR/_Labo/0_XF/work/src/simplified/xf/port/common" -I"C:/Users/vince/OneDrive/Documents/3e/PTR/_Labo/0_XF/work/src/simplified/xf/port/idf-stm32" -I"C:/Users/vince/OneDrive/Documents/3e/PTR/_Labo/0_XF/work/test-bench/test1/ide-cubeide-test1-idf/../../../src/mdw" -I"C:/Users/vince/OneDrive/Documents/3e/PTR/_Labo/0_XF/work/test-bench/test1/ide-cubeide-test1-idf/../../../src/mdw/trace" -I"C:/Users/vince/OneDrive/Documents/3e/PTR/_Labo/0_XF/work/test-bench/test1/ide-cubeide-test1-idf/../../common" -I"C:/Users/vince/OneDrive/Documents/3e/PTR/_Labo/0_XF/work/test-bench/test1/ide-cubeide-test1-idf/Drivers/STM32F7xx_HAL_Driver/Inc" -I"C:/Users/vince/OneDrive/Documents/3e/PTR/_Labo/0_XF/work/test-bench/test1/ide-cubeide-test1-idf/Drivers/STM32F7xx_HAL_Driver/Inc/Legacy" -I"C:/Users/vince/OneDrive/Documents/3e/PTR/_Labo/0_XF/work/test-bench/test1/ide-cubeide-test1-idf/Drivers/CMSIS/Device/ST/STM32F7xx/Include" -I"C:/Users/vince/OneDrive/Documents/3e/PTR/_Labo/0_XF/work/test-bench/test1/ide-cubeide-test1-idf/Drivers/CMSIS/Include" -Og -ffunction-sections -fno-exceptions -fno-rtti -fno-use-cxa-atexit -Wall -fstack-usage -MMD -MP -MF"xf/port/idf-stm32/xf.d" -MT"xf/port/idf-stm32/xf.o" --specs=nano.specs -mfpu=fpv5-sp-d16 -mfloat-abi=hard -mthumb -o "xf/port/idf-stm32/xf.o"
arm-none-eabi-g++ "C:/Users/vince/OneDrive/Documents/3e/PTR/_Labo/0_XF/work/src/simplified/xf/port/common/dispatcher.cpp" -mcpu=cortex-m7 -std=gnu++11 -g3 '-D__weak=__attribute__((weak))' '-D__packed=__attribute__((__packed__))' -DUSE_HAL_DRIVER -DSTM32F746xx -c -I"C:/Users/vince/OneDrive/Documents/3e/PTR/_Labo/0_XF/work/test-bench/test1/ide-cubeide-test1-idf/../src" -I"C:/Users/vince/OneDrive/Documents/3e/PTR/_Labo/0_XF/work/test-bench/test1/ide-cubeide-test1-idf/Core/Inc" -I"C:/Users/vince/OneDrive/Documents/3e/PTR/_Labo/0_XF/work/test-bench/test1/ide-cubeide-test1-idf" -I"C:/Users/vince/OneDrive/Documents/3e/PTR/_Labo/0_XF/work/src/platform/f7-disco-gcc" -I"C:/Users/vince/OneDrive/Documents/3e/PTR/_Labo/0_XF/work/src/platform/f7-disco-gcc/mcu" -I"C:/Users/vince/OneDrive/Documents/3e/PTR/_Labo/0_XF/work/test-bench/test1/ide-cubeide-test1-idf/../../../src" -I"C:/Users/vince/OneDrive/Documents/3e/PTR/_Labo/0_XF/work/src/simplified/xf/include" -I"C:/Users/vince/OneDrive/Documents/3e/PTR/_Labo/0_XF/work/src/simplified/xf/port" -I"C:/Users/vince/OneDrive/Documents/3e/PTR/_Labo/0_XF/work/src/simplified/xf/port/common" -I"C:/Users/vince/OneDrive/Documents/3e/PTR/_Labo/0_XF/work/src/simplified/xf/port/idf-stm32" -I"C:/Users/vince/OneDrive/Documents/3e/PTR/_Labo/0_XF/work/test-bench/test1/ide-cubeide-test1-idf/../../../src/mdw" -I"C:/Users/vince/OneDrive/Documents/3e/PTR/_Labo/0_XF/work/test-bench/test1/ide-cubeide-test1-idf/../../../src/mdw/trace" -I"C:/Users/vince/OneDrive/Documents/3e/PTR/_Labo/0_XF/work/test-bench/test1/ide-cubeide-test1-idf/../../common" -I"C:/Users/vince/OneDrive/Documents/3e/PTR/_Labo/0_XF/work/test-bench/test1/ide-cubeide-test1-idf/Drivers/STM32F7xx_HAL_Driver/Inc" -I"C:/Users/vince/OneDrive/Documents/3e/PTR/_Labo/0_XF/work/test-bench/test1/ide-cubeide-test1-idf/Drivers/STM32F7xx_HAL_Driver/Inc/Legacy" -I"C:/Users/vince/OneDrive/Documents/3e/PTR/_Labo/0_XF/work/test-bench/test1/ide-cubeide-test1-idf/Drivers/CMSIS/Device/ST/STM32F7xx/Include" -I"C:/Users/vince/OneDrive/Documents/3e/PTR/_Labo/0_XF/work/test-bench/test1/ide-cubeide-test1-idf/Drivers/CMSIS/Include" -Og -ffunction-sections -fno-exceptions -fno-rtti -fno-use-cxa-atexit -Wall -fstack-usage -MMD -MP -MF"xf/port/common/dispatcher.d" -MT"xf/port/common/dispatcher.o" --specs=nano.specs -mfpu=fpv5-sp-d16 -mfloat-abi=hard -mthumb -o "xf/port/common/dispatcher.o"
arm-none-eabi-g++ "C:/Users/vince/OneDrive/Documents/3e/PTR/_Labo/0_XF/work/src/simplified/xf/port/common/timeoutmanager.cpp" -mcpu=cortex-m7 -std=gnu++11 -g3 '-D__weak=__attribute__((weak))' '-D__packed=__attribute__((__packed__))' -DUSE_HAL_DRIVER -DSTM32F746xx -c -I"C:/Users/vince/OneDrive/Documents/3e/PTR/_Labo/0_XF/work/test-bench/test1/ide-cubeide-test1-idf/../src" -I"C:/Users/vince/OneDrive/Documents/3e/PTR/_Labo/0_XF/work/test-bench/test1/ide-cubeide-test1-idf/Core/Inc" -I"C:/Users/vince/OneDrive/Documents/3e/PTR/_Labo/0_XF/work/test-bench/test1/ide-cubeide-test1-idf" -I"C:/Users/vince/OneDrive/Documents/3e/PTR/_Labo/0_XF/work/src/platform/f7-disco-gcc" -I"C:/Users/vince/OneDrive/Documents/3e/PTR/_Labo/0_XF/work/src/platform/f7-disco-gcc/mcu" -I"C:/Users/vince/OneDrive/Documents/3e/PTR/_Labo/0_XF/work/test-bench/test1/ide-cubeide-test1-idf/../../../src" -I"C:/Users/vince/OneDrive/Documents/3e/PTR/_Labo/0_XF/work/src/simplified/xf/include" -I"C:/Users/vince/OneDrive/Documents/3e/PTR/_Labo/0_XF/work/src/simplified/xf/port" -I"C:/Users/vince/OneDrive/Documents/3e/PTR/_Labo/0_XF/work/src/simplified/xf/port/common" -I"C:/Users/vince/OneDrive/Documents/3e/PTR/_Labo/0_XF/work/src/simplified/xf/port/idf-stm32" -I"C:/Users/vince/OneDrive/Documents/3e/PTR/_Labo/0_XF/work/test-bench/test1/ide-cubeide-test1-idf/../../../src/mdw" -I"C:/Users/vince/OneDrive/Documents/3e/PTR/_Labo/0_XF/work/test-bench/test1/ide-cubeide-test1-idf/../../../src/mdw/trace" -I"C:/Users/vince/OneDrive/Documents/3e/PTR/_Labo/0_XF/work/test-bench/test1/ide-cubeide-test1-idf/../../common" -I"C:/Users/vince/OneDrive/Documents/3e/PTR/_Labo/0_XF/work/test-bench/test1/ide-cubeide-test1-idf/Drivers/STM32F7xx_HAL_Driver/Inc" -I"C:/Users/vince/OneDrive/Documents/3e/PTR/_Labo/0_XF/work/test-bench/test1/ide-cubeide-test1-idf/Drivers/STM32F7xx_HAL_Driver/Inc/Legacy" -I"C:/Users/vince/OneDrive/Documents/3e/PTR/_Labo/0_XF/work/test-bench/test1/ide-cubeide-test1-idf/Drivers/CMSIS/Device/ST/STM32F7xx/Include" -I"C:/Users/vince/OneDrive/Documents/3e/PTR/_Labo/0_XF/work/test-bench/test1/ide-cubeide-test1-idf/Drivers/CMSIS/Include" -Og -ffunction-sections -fno-exceptions -fno-rtti -fno-use-cxa-atexit -Wall -fstack-usage -MMD -MP -MF"xf/port/common/timeoutmanager.d" -MT"xf/port/common/timeoutmanager.o" --specs=nano.specs -mfpu=fpv5-sp-d16 -mfloat-abi=hard -mthumb -o "xf/port/common/timeoutmanager.o"
arm-none-eabi-g++ "C:/Users/vince/OneDrive/Documents/3e/PTR/_Labo/0_XF/work/src/simplified/xf/core/behavior.cpp" -mcpu=cortex-m7 -std=gnu++11 -g3 '-D__weak=__attribute__((weak))' '-D__packed=__attribute__((__packed__))' -DUSE_HAL_DRIVER -DSTM32F746xx -c -I"C:/Users/vince/OneDrive/Documents/3e/PTR/_Labo/0_XF/work/test-bench/test1/ide-cubeide-test1-idf/../src" -I"C:/Users/vince/OneDrive/Documents/3e/PTR/_Labo/0_XF/work/test-bench/test1/ide-cubeide-test1-idf/Core/Inc" -I"C:/Users/vince/OneDrive/Documents/3e/PTR/_Labo/0_XF/work/test-bench/test1/ide-cubeide-test1-idf" -I"C:/Users/vince/OneDrive/Documents/3e/PTR/_Labo/0_XF/work/src/platform/f7-disco-gcc" -I"C:/Users/vince/OneDrive/Documents/3e/PTR/_Labo/0_XF/work/src/platform/f7-disco-gcc/mcu" -I"C:/Users/vince/OneDrive/Documents/3e/PTR/_Labo/0_XF/work/test-bench/test1/ide-cubeide-test1-idf/../../../src" -I"C:/Users/vince/OneDrive/Documents/3e/PTR/_Labo/0_XF/work/src/simplified/xf/include" -I"C:/Users/vince/OneDrive/Documents/3e/PTR/_Labo/0_XF/work/src/simplified/xf/port" -I"C:/Users/vince/OneDrive/Documents/3e/PTR/_Labo/0_XF/work/src/simplified/xf/port/common" -I"C:/Users/vince/OneDrive/Documents/3e/PTR/_Labo/0_XF/work/src/simplified/xf/port/idf-stm32" -I"C:/Users/vince/OneDrive/Documents/3e/PTR/_Labo/0_XF/work/test-bench/test1/ide-cubeide-test1-idf/../../../src/mdw" -I"C:/Users/vince/OneDrive/Documents/3e/PTR/_Labo/0_XF/work/test-bench/test1/ide-cubeide-test1-idf/../../../src/mdw/trace" -I"C:/Users/vince/OneDrive/Documents/3e/PTR/_Labo/0_XF/work/test-bench/test1/ide-cubeide-test1-idf/../../common" -I"C:/Users/vince/OneDrive/Documents/3e/PTR/_Labo/0_XF/work/test-bench/test1/ide-cubeide-test1-idf/Drivers/STM32F7xx_HAL_Driver/Inc" -I"C:/Users/vince/OneDrive/Documents/3e/PTR/_Labo/0_XF/work/test-bench/test1/ide-cubeide-test1-idf/Drivers/STM32F7xx_HAL_Driver/Inc/Legacy" -I"C:/Users/vince/OneDrive/Documents/3e/PTR/_Labo/0_XF/work/test-bench/test1/ide-cubeide-test1-idf/Drivers/CMSIS/Device/ST/STM32F7xx/Include" -I"C:/Users/vince/OneDrive/Documents/3e/PTR/_Labo/0_XF/work/test-bench/test1/ide-cubeide-test1-idf/Drivers/CMSIS/Include" -Og -ffunction-sections -fno-exceptions -fno-rtti -fno-use-cxa-atexit -Wall -fstack-usage -MMD -MP -MF"xf/core/behavior.d" -MT"xf/core/behavior.o" --specs=nano.specs -mfpu=fpv5-sp-d16 -mfloat-abi=hard -mthumb -o "xf/core/behavior.o"
arm-none-eabi-g++ "C:/Users/vince/OneDrive/Documents/3e/PTR/_Labo/0_XF/work/src/simplified/xf/core/customevent.cpp" -mcpu=cortex-m7 -std=gnu++11 -g3 '-D__weak=__attribute__((weak))' '-D__packed=__attribute__((__packed__))' -DUSE_HAL_DRIVER -DSTM32F746xx -c -I"C:/Users/vince/OneDrive/Documents/3e/PTR/_Labo/0_XF/work/test-bench/test1/ide-cubeide-test1-idf/../src" -I"C:/Users/vince/OneDrive/Documents/3e/PTR/_Labo/0_XF/work/test-bench/test1/ide-cubeide-test1-idf/Core/Inc" -I"C:/Users/vince/OneDrive/Documents/3e/PTR/_Labo/0_XF/work/test-bench/test1/ide-cubeide-test1-idf" -I"C:/Users/vince/OneDrive/Documents/3e/PTR/_Labo/0_XF/work/src/platform/f7-disco-gcc" -I"C:/Users/vince/OneDrive/Documents/3e/PTR/_Labo/0_XF/work/src/platform/f7-disco-gcc/mcu" -I"C:/Users/vince/OneDrive/Documents/3e/PTR/_Labo/0_XF/work/test-bench/test1/ide-cubeide-test1-idf/../../../src" -I"C:/Users/vince/OneDrive/Documents/3e/PTR/_Labo/0_XF/work/src/simplified/xf/include" -I"C:/Users/vince/OneDrive/Documents/3e/PTR/_Labo/0_XF/work/src/simplified/xf/port" -I"C:/Users/vince/OneDrive/Documents/3e/PTR/_Labo/0_XF/work/src/simplified/xf/port/common" -I"C:/Users/vince/OneDrive/Documents/3e/PTR/_Labo/0_XF/work/src/simplified/xf/port/idf-stm32" -I"C:/Users/vince/OneDrive/Documents/3e/PTR/_Labo/0_XF/work/test-bench/test1/ide-cubeide-test1-idf/../../../src/mdw" -I"C:/Users/vince/OneDrive/Documents/3e/PTR/_Labo/0_XF/work/test-bench/test1/ide-cubeide-test1-idf/../../../src/mdw/trace" -I"C:/Users/vince/OneDrive/Documents/3e/PTR/_Labo/0_XF/work/test-bench/test1/ide-cubeide-test1-idf/../../common" -I"C:/Users/vince/OneDrive/Documents/3e/PTR/_Labo/0_XF/work/test-bench/test1/ide-cubeide-test1-idf/Drivers/STM32F7xx_HAL_Driver/Inc" -I"C:/Users/vince/OneDrive/Documents/3e/PTR/_Labo/0_XF/work/test-bench/test1/ide-cubeide-test1-idf/Drivers/STM32F7xx_HAL_Driver/Inc/Legacy" -I"C:/Users/vince/OneDrive/Documents/3e/PTR/_Labo/0_XF/work/test-bench/test1/ide-cubeide-test1-idf/Drivers/CMSIS/Device/ST/STM32F7xx/Include" -I"C:/Users/vince/OneDrive/Documents/3e/PTR/_Labo/0_XF/work/test-bench/test1/ide-cubeide-test1-idf/Drivers/CMSIS/Include" -Og -ffunction-sections -fno-exceptions -fno-rtti -fno-use-cxa-atexit -Wall -fstack-usage -MMD -MP -MF"xf/core/customevent.d" -MT"xf/core/customevent.o" --specs=nano.specs -mfpu=fpv5-sp-d16 -mfloat-abi=hard -mthumb -o "xf/core/customevent.o"
arm-none-eabi-g++ "C:/Users/vince/OneDrive/Documents/3e/PTR/_Labo/0_XF/work/src/simplified/xf/core/defaulttransition.cpp" -mcpu=cortex-m7 -std=gnu++11 -g3 '-D__weak=__attribute__((weak))' '-D__packed=__attribute__((__packed__))' -DUSE_HAL_DRIVER -DSTM32F746xx -c -I"C:/Users/vince/OneDrive/Documents/3e/PTR/_Labo/0_XF/work/test-bench/test1/ide-cubeide-test1-idf/../src" -I"C:/Users/vince/OneDrive/Documents/3e/PTR/_Labo/0_XF/work/test-bench/test1/ide-cubeide-test1-idf/Core/Inc" -I"C:/Users/vince/OneDrive/Documents/3e/PTR/_Labo/0_XF/work/test-bench/test1/ide-cubeide-test1-idf" -I"C:/Users/vince/OneDrive/Documents/3e/PTR/_Labo/0_XF/work/src/platform/f7-disco-gcc" -I"C:/Users/vince/OneDrive/Documents/3e/PTR/_Labo/0_XF/work/src/platform/f7-disco-gcc/mcu" -I"C:/Users/vince/OneDrive/Documents/3e/PTR/_Labo/0_XF/work/test-bench/test1/ide-cubeide-test1-idf/../../../src" -I"C:/Users/vince/OneDrive/Documents/3e/PTR/_Labo/0_XF/work/src/simplified/xf/include" -I"C:/Users/vince/OneDrive/Documents/3e/PTR/_Labo/0_XF/work/src/simplified/xf/port" -I"C:/Users/vince/OneDrive/Documents/3e/PTR/_Labo/0_XF/work/src/simplified/xf/port/common" -I"C:/Users/vince/OneDrive/Documents/3e/PTR/_Labo/0_XF/work/src/simplified/xf/port/idf-stm32" -I"C:/Users/vince/OneDrive/Documents/3e/PTR/_Labo/0_XF/work/test-bench/test1/ide-cubeide-test1-idf/../../../src/mdw" -I"C:/Users/vince/OneDrive/Documents/3e/PTR/_Labo/0_XF/work/test-bench/test1/ide-cubeide-test1-idf/../../../src/mdw/trace" -I"C:/Users/vince/OneDrive/Documents/3e/PTR/_Labo/0_XF/work/test-bench/test1/ide-cubeide-test1-idf/../../common" -I"C:/Users/vince/OneDrive/Documents/3e/PTR/_Labo/0_XF/work/test-bench/test1/ide-cubeide-test1-idf/Drivers/STM32F7xx_HAL_Driver/Inc" -I"C:/Users/vince/OneDrive/Documents/3e/PTR/_Labo/0_XF/work/test-bench/test1/ide-cubeide-test1-idf/Drivers/STM32F7xx_HAL_Driver/Inc/Legacy" -I"C:/Users/vince/OneDrive/Documents/3e/PTR/_Labo/0_XF/work/test-bench/test1/ide-cubeide-test1-idf/Drivers/CMSIS/Device/ST/STM32F7xx/Include" -I"C:/Users/vince/OneDrive/Documents/3e/PTR/_Labo/0_XF/work/test-bench/test1/ide-cubeide-test1-idf/Drivers/CMSIS/Include" -Og -ffunction-sections -fno-exceptions -fno-rtti -fno-use-cxa-atexit -Wall -fstack-usage -MMD -MP -MF"xf/core/defaulttransition.d" -MT"xf/core/defaulttransition.o" --specs=nano.specs -mfpu=fpv5-sp-d16 -mfloat-abi=hard -mthumb -o "xf/core/defaulttransition.o"
arm-none-eabi-g++ "C:/Users/vince/OneDrive/Documents/3e/PTR/_Labo/0_XF/work/src/simplified/xf/core/initialevent.cpp" -mcpu=cortex-m7 -std=gnu++11 -g3 '-D__weak=__attribute__((weak))' '-D__packed=__attribute__((__packed__))' -DUSE_HAL_DRIVER -DSTM32F746xx -c -I"C:/Users/vince/OneDrive/Documents/3e/PTR/_Labo/0_XF/work/test-bench/test1/ide-cubeide-test1-idf/../src" -I"C:/Users/vince/OneDrive/Documents/3e/PTR/_Labo/0_XF/work/test-bench/test1/ide-cubeide-test1-idf/Core/Inc" -I"C:/Users/vince/OneDrive/Documents/3e/PTR/_Labo/0_XF/work/test-bench/test1/ide-cubeide-test1-idf" -I"C:/Users/vince/OneDrive/Documents/3e/PTR/_Labo/0_XF/work/src/platform/f7-disco-gcc" -I"C:/Users/vince/OneDrive/Documents/3e/PTR/_Labo/0_XF/work/src/platform/f7-disco-gcc/mcu" -I"C:/Users/vince/OneDrive/Documents/3e/PTR/_Labo/0_XF/work/test-bench/test1/ide-cubeide-test1-idf/../../../src" -I"C:/Users/vince/OneDrive/Documents/3e/PTR/_Labo/0_XF/work/src/simplified/xf/include" -I"C:/Users/vince/OneDrive/Documents/3e/PTR/_Labo/0_XF/work/src/simplified/xf/port" -I"C:/Users/vince/OneDrive/Documents/3e/PTR/_Labo/0_XF/work/src/simplified/xf/port/common" -I"C:/Users/vince/OneDrive/Documents/3e/PTR/_Labo/0_XF/work/src/simplified/xf/port/idf-stm32" -I"C:/Users/vince/OneDrive/Documents/3e/PTR/_Labo/0_XF/work/test-bench/test1/ide-cubeide-test1-idf/../../../src/mdw" -I"C:/Users/vince/OneDrive/Documents/3e/PTR/_Labo/0_XF/work/test-bench/test1/ide-cubeide-test1-idf/../../../src/mdw/trace" -I"C:/Users/vince/OneDrive/Documents/3e/PTR/_Labo/0_XF/work/test-bench/test1/ide-cubeide-test1-idf/../../common" -I"C:/Users/vince/OneDrive/Documents/3e/PTR/_Labo/0_XF/work/test-bench/test1/ide-cubeide-test1-idf/Drivers/STM32F7xx_HAL_Driver/Inc" -I"C:/Users/vince/OneDrive/Documents/3e/PTR/_Labo/0_XF/work/test-bench/test1/ide-cubeide-test1-idf/Drivers/STM32F7xx_HAL_Driver/Inc/Legacy" -I"C:/Users/vince/OneDrive/Documents/3e/PTR/_Labo/0_XF/work/test-bench/test1/ide-cubeide-test1-idf/Drivers/CMSIS/Device/ST/STM32F7xx/Include" -I"C:/Users/vince/OneDrive/Documents/3e/PTR/_Labo/0_XF/work/test-bench/test1/ide-cubeide-test1-idf/Drivers/CMSIS/Include" -Og -ffunction-sections -fno-exceptions -fno-rtti -fno-use-cxa-atexit -Wall -fstack-usage -MMD -MP -MF"xf/core/initialevent.d" -MT"xf/core/initialevent.o" --specs=nano.specs -mfpu=fpv5-sp-d16 -mfloat-abi=hard -mthumb -o "xf/core/initialevent.o"
arm-none-eabi-g++ "C:/Users/vince/OneDrive/Documents/3e/PTR/_Labo/0_XF/work/src/simplified/xf/core/timeout.cpp" -mcpu=cortex-m7 -std=gnu++11 -g3 '-D__weak=__attribute__((weak))' '-D__packed=__attribute__((__packed__))' -DUSE_HAL_DRIVER -DSTM32F746xx -c -I"C:/Users/vince/OneDrive/Documents/3e/PTR/_Labo/0_XF/work/test-bench/test1/ide-cubeide-test1-idf/../src" -I"C:/Users/vince/OneDrive/Documents/3e/PTR/_Labo/0_XF/work/test-bench/test1/ide-cubeide-test1-idf/Core/Inc" -I"C:/Users/vince/OneDrive/Documents/3e/PTR/_Labo/0_XF/work/test-bench/test1/ide-cubeide-test1-idf" -I"C:/Users/vince/OneDrive/Documents/3e/PTR/_Labo/0_XF/work/src/platform/f7-disco-gcc" -I"C:/Users/vince/OneDrive/Documents/3e/PTR/_Labo/0_XF/work/src/platform/f7-disco-gcc/mcu" -I"C:/Users/vince/OneDrive/Documents/3e/PTR/_Labo/0_XF/work/test-bench/test1/ide-cubeide-test1-idf/../../../src" -I"C:/Users/vince/OneDrive/Documents/3e/PTR/_Labo/0_XF/work/src/simplified/xf/include" -I"C:/Users/vince/OneDrive/Documents/3e/PTR/_Labo/0_XF/work/src/simplified/xf/port" -I"C:/Users/vince/OneDrive/Documents/3e/PTR/_Labo/0_XF/work/src/simplified/xf/port/common" -I"C:/Users/vince/OneDrive/Documents/3e/PTR/_Labo/0_XF/work/src/simplified/xf/port/idf-stm32" -I"C:/Users/vince/OneDrive/Documents/3e/PTR/_Labo/0_XF/work/test-bench/test1/ide-cubeide-test1-idf/../../../src/mdw" -I"C:/Users/vince/OneDrive/Documents/3e/PTR/_Labo/0_XF/work/test-bench/test1/ide-cubeide-test1-idf/../../../src/mdw/trace" -I"C:/Users/vince/OneDrive/Documents/3e/PTR/_Labo/0_XF/work/test-bench/test1/ide-cubeide-test1-idf/../../common" -I"C:/Users/vince/OneDrive/Documents/3e/PTR/_Labo/0_XF/work/test-bench/test1/ide-cubeide-test1-idf/Drivers/STM32F7xx_HAL_Driver/Inc" -I"C:/Users/vince/OneDrive/Documents/3e/PTR/_Labo/0_XF/work/test-bench/test1/ide-cubeide-test1-idf/Drivers/STM32F7xx_HAL_Driver/Inc/Legacy" -I"C:/Users/vince/OneDrive/Documents/3e/PTR/_Labo/0_XF/work/test-bench/test1/ide-cubeide-test1-idf/Drivers/CMSIS/Device/ST/STM32F7xx/Include" -I"C:/Users/vince/OneDrive/Documents/3e/PTR/_Labo/0_XF/work/test-bench/test1/ide-cubeide-test1-idf/Drivers/CMSIS/Include" -Og -ffunction-sections -fno-exceptions -fno-rtti -fno-use-cxa-atexit -Wall -fstack-usage -MMD -MP -MF"xf/core/timeout.d" -MT"xf/core/timeout.o" --specs=nano.specs -mfpu=fpv5-sp-d16 -mfloat-abi=hard -mthumb -o "xf/core/timeout.o"
arm-none-eabi-g++ -o "ide-cubeide-test1-idf.elf" @"objects.list"   -mcpu=cortex-m7 -T"../STM32F746NGHx_FLASH.ld" --specs=nosys.specs -Wl,-Map="ide-cubeide-test1-idf.map" -Wl,--gc-sections -static --specs=nano.specs -mfpu=fpv5-sp-d16 -mfloat-abi=hard -mthumb -Wl,--start-group -lc -lm -lstdc++ -lsupc++ -Wl,--end-group
Finished building target: ide-cubeide-test1-idf.elf
 
arm-none-eabi-size   ide-cubeide-test1-idf.elf 
arm-none-eabi-objdump -h -S  ide-cubeide-test1-idf.elf  > "ide-cubeide-test1-idf.list"
arm-none-eabi-objcopy  -O binary  ide-cubeide-test1-idf.elf  "ide-cubeide-test1-idf.bin"
   text	   data	    bss	    dec	    hex	filename
  22272	    152	   9144	  31568	   7b50	ide-cubeide-test1-idf.elf
Finished building: default.size.stdout
 
Finished building: ide-cubeide-test1-idf.bin
 
Finished building: ide-cubeide-test1-idf.list
 

10:24:43 Build Finished. 0 errors, 0 warnings. (took 1s.943ms)

