17:28:24 **** Incremental Build of configuration Debug for project LoRaSnow_GarminLidarLiteV4 ****
make -j8 all 
arm-none-eabi-gcc "../Core/Src/main.c" -mcpu=cortex-m4 -std=gnu11 -g3 -DDEBUG -DUSE_HAL_DRIVER -DSTM32F411xE -c -I../Core/Inc -I../Drivers/STM32F4xx_HAL_Driver/Inc -I../Drivers/STM32F4xx_HAL_Driver/Inc/Legacy -I../Drivers/CMSIS/Device/ST/STM32F4xx/Include -I../Drivers/CMSIS/Include -O0 -ffunction-sections -fdata-sections -Wall -fstack-usage -MMD -MP -MF"Core/Src/main.d" -MT"Core/Src/main.o" --specs=nano.specs -mfpu=fpv4-sp-d16 -mfloat-abi=hard -mthumb -o "Core/Src/main.o"
arm-none-eabi-gcc "../Core/Sensors/Src/LIDAR_functions.c" -mcpu=cortex-m4 -std=gnu11 -g3 -DDEBUG -DUSE_HAL_DRIVER -DSTM32F411xE -c -I../Core/Inc -I../Drivers/STM32F4xx_HAL_Driver/Inc -I../Drivers/STM32F4xx_HAL_Driver/Inc/Legacy -I../Drivers/CMSIS/Device/ST/STM32F4xx/Include -I../Drivers/CMSIS/Include -O0 -ffunction-sections -fdata-sections -Wall -fstack-usage -MMD -MP -MF"Core/Sensors/Src/LIDAR_functions.d" -MT"Core/Sensors/Src/LIDAR_functions.o" --specs=nano.specs -mfpu=fpv4-sp-d16 -mfloat-abi=hard -mthumb -o "Core/Sensors/Src/LIDAR_functions.o"
arm-none-eabi-gcc -o "LoRaSnow_GarminLidarLiteV4.elf" @"objects.list"   -mcpu=cortex-m4 -T"C:\Users\vince\OneDrive\Documents\3e\PGA\git\LoRaSnow\0100_Research\0120_Prototypes\0122_LiDarLitev4\Discovery\LoRaSnow_GarminLidarLiteV4\STM32F411RETX_FLASH.ld" --specs=nosys.specs -Wl,-Map="LoRaSnow_GarminLidarLiteV4.map" -Wl,--gc-sections -static --specs=nano.specs -mfpu=fpv4-sp-d16 -mfloat-abi=hard -mthumb -u _printf_float -Wl,--start-group -lc -lm -Wl,--end-group
Finished building target: LoRaSnow_GarminLidarLiteV4.elf
 
arm-none-eabi-size   LoRaSnow_GarminLidarLiteV4.elf 
arm-none-eabi-objdump -h -S  LoRaSnow_GarminLidarLiteV4.elf  > "LoRaSnow_GarminLidarLiteV4.list"
arm-none-eabi-objcopy  -O binary  LoRaSnow_GarminLidarLiteV4.elf  "LoRaSnow_GarminLidarLiteV4.bin"
   text	   data	    bss	    dec	    hex	filename
  33116	    484	   1892	  35492	   8aa4	LoRaSnow_GarminLidarLiteV4.elf
Finished building: default.size.stdout
 
Finished building: LoRaSnow_GarminLidarLiteV4.bin
 
Finished building: LoRaSnow_GarminLidarLiteV4.list
 

17:28:26 Build Finished. 0 errors, 0 warnings. (took 1s.471ms)

