Archive member included to satisfy reference by file (symbol)

c:/st/stm32cubeide_1.7.0/stm32cubeide/plugins/com.st.stm32cube.ide.mcu.externaltools.gnu-tools-for-stm32.9-2020-q2-update.win32_2.0.0.202105311346/tools/bin/../lib/gcc/arm-none-eabi/9.3.1/../../../../arm-none-eabi/lib/thumb/v7e-m+fp/hard\libc_nano.a(lib_a-errno.o)
                              ./Core/Src/syscalls.o (__errno)
c:/st/stm32cubeide_1.7.0/stm32cubeide/plugins/com.st.stm32cube.ide.mcu.externaltools.gnu-tools-for-stm32.9-2020-q2-update.win32_2.0.0.202105311346/tools/bin/../lib/gcc/arm-none-eabi/9.3.1/../../../../arm-none-eabi/lib/thumb/v7e-m+fp/hard\libc_nano.a(lib_a-exit.o)
                              c:/st/stm32cubeide_1.7.0/stm32cubeide/plugins/com.st.stm32cube.ide.mcu.externaltools.gnu-tools-for-stm32.9-2020-q2-update.win32_2.0.0.202105311346/tools/bin/../lib/gcc/arm-none-eabi/9.3.1/../../../../arm-none-eabi/lib/thumb/v7e-m+fp/hard/crt0.o (exit)
c:/st/stm32cubeide_1.7.0/stm32cubeide/plugins/com.st.stm32cube.ide.mcu.externaltools.gnu-tools-for-stm32.9-2020-q2-update.win32_2.0.0.202105311346/tools/bin/../lib/gcc/arm-none-eabi/9.3.1/../../../../arm-none-eabi/lib/thumb/v7e-m+fp/hard\libc_nano.a(lib_a-impure.o)
                              c:/st/stm32cubeide_1.7.0/stm32cubeide/plugins/com.st.stm32cube.ide.mcu.externaltools.gnu-tools-for-stm32.9-2020-q2-update.win32_2.0.0.202105311346/tools/bin/../lib/gcc/arm-none-eabi/9.3.1/../../../../arm-none-eabi/lib/thumb/v7e-m+fp/hard\libc_nano.a(lib_a-exit.o) (_global_impure_ptr)
c:/st/stm32cubeide_1.7.0/stm32cubeide/plugins/com.st.stm32cube.ide.mcu.externaltools.gnu-tools-for-stm32.9-2020-q2-update.win32_2.0.0.202105311346/tools/bin/../lib/gcc/arm-none-eabi/9.3.1/../../../../arm-none-eabi/lib/thumb/v7e-m+fp/hard\libc_nano.a(lib_a-init.o)
                              c:/st/stm32cubeide_1.7.0/stm32cubeide/plugins/com.st.stm32cube.ide.mcu.externaltools.gnu-tools-for-stm32.9-2020-q2-update.win32_2.0.0.202105311346/tools/bin/../lib/gcc/arm-none-eabi/9.3.1/../../../../arm-none-eabi/lib/thumb/v7e-m+fp/hard/crt0.o (__libc_init_array)
c:/st/stm32cubeide_1.7.0/stm32cubeide/plugins/com.st.stm32cube.ide.mcu.externaltools.gnu-tools-for-stm32.9-2020-q2-update.win32_2.0.0.202105311346/tools/bin/../lib/gcc/arm-none-eabi/9.3.1/../../../../arm-none-eabi/lib/thumb/v7e-m+fp/hard\libc_nano.a(lib_a-memset.o)
                              c:/st/stm32cubeide_1.7.0/stm32cubeide/plugins/com.st.stm32cube.ide.mcu.externaltools.gnu-tools-for-stm32.9-2020-q2-update.win32_2.0.0.202105311346/tools/bin/../lib/gcc/arm-none-eabi/9.3.1/../../../../arm-none-eabi/lib/thumb/v7e-m+fp/hard/crt0.o (memset)
c:/st/stm32cubeide_1.7.0/stm32cubeide/plugins/com.st.stm32cube.ide.mcu.externaltools.gnu-tools-for-stm32.9-2020-q2-update.win32_2.0.0.202105311346/tools/bin/../lib/gcc/arm-none-eabi/9.3.1/../../../../arm-none-eabi/lib/thumb/v7e-m+fp/hard\libc_nano.a(lib_a-sprintf.o)
                              ./Core/Src/main.o (sprintf)
c:/st/stm32cubeide_1.7.0/stm32cubeide/plugins/com.st.stm32cube.ide.mcu.externaltools.gnu-tools-for-stm32.9-2020-q2-update.win32_2.0.0.202105311346/tools/bin/../lib/gcc/arm-none-eabi/9.3.1/../../../../arm-none-eabi/lib/thumb/v7e-m+fp/hard\libc_nano.a(lib_a-strlen.o)
                              ./Core/Src/main.o (strlen)
c:/st/stm32cubeide_1.7.0/stm32cubeide/plugins/com.st.stm32cube.ide.mcu.externaltools.gnu-tools-for-stm32.9-2020-q2-update.win32_2.0.0.202105311346/tools/bin/../lib/gcc/arm-none-eabi/9.3.1/../../../../arm-none-eabi/lib/thumb/v7e-m+fp/hard\libc_nano.a(lib_a-nano-svfprintf.o)
                              c:/st/stm32cubeide_1.7.0/stm32cubeide/plugins/com.st.stm32cube.ide.mcu.externaltools.gnu-tools-for-stm32.9-2020-q2-update.win32_2.0.0.202105311346/tools/bin/../lib/gcc/arm-none-eabi/9.3.1/../../../../arm-none-eabi/lib/thumb/v7e-m+fp/hard\libc_nano.a(lib_a-sprintf.o) (_svfprintf_r)
c:/st/stm32cubeide_1.7.0/stm32cubeide/plugins/com.st.stm32cube.ide.mcu.externaltools.gnu-tools-for-stm32.9-2020-q2-update.win32_2.0.0.202105311346/tools/bin/../lib/gcc/arm-none-eabi/9.3.1/../../../../arm-none-eabi/lib/thumb/v7e-m+fp/hard\libc_nano.a(lib_a-nano-vfprintf_i.o)
                              c:/st/stm32cubeide_1.7.0/stm32cubeide/plugins/com.st.stm32cube.ide.mcu.externaltools.gnu-tools-for-stm32.9-2020-q2-update.win32_2.0.0.202105311346/tools/bin/../lib/gcc/arm-none-eabi/9.3.1/../../../../arm-none-eabi/lib/thumb/v7e-m+fp/hard\libc_nano.a(lib_a-nano-svfprintf.o) (_printf_i)
c:/st/stm32cubeide_1.7.0/stm32cubeide/plugins/com.st.stm32cube.ide.mcu.externaltools.gnu-tools-for-stm32.9-2020-q2-update.win32_2.0.0.202105311346/tools/bin/../lib/gcc/arm-none-eabi/9.3.1/../../../../arm-none-eabi/lib/thumb/v7e-m+fp/hard\libc_nano.a(lib_a-memchr.o)
[...]
Memory Configuration

Name             Origin             Length             Attributes
RAM              0x0000000020000000 0x0000000000050000 xrw
FLASH            0x0000000008000000 0x0000000000100000 xr
*default*        0x0000000000000000 0xffffffffffffffff

Linker script and memory map

LOAD c:/st/stm32cubeide_1.7.0/stm32cubeide/plugins/com.st.stm32cube.ide.mcu.externaltools.gnu-tools-for-stm32.9-2020-q2-update.win32_2.0.0.202105311346/tools/bin/../lib/gcc/arm-none-eabi/9.3.1/thumb/v7e-m+fp/hard/crti.o
LOAD c:/st/stm32cubeide_1.7.0/stm32cubeide/plugins/com.st.stm32cube.ide.mcu.externaltools.gnu-tools-for-stm32.9-2020-q2-update.win32_2.0.0.202105311346/tools/bin/../lib/gcc/arm-none-eabi/9.3.1/thumb/v7e-m+fp/hard/crtbegin.o
LOAD c:/st/stm32cubeide_1.7.0/stm32cubeide/plugins/com.st.stm32cube.ide.mcu.externaltools.gnu-tools-for-stm32.9-2020-q2-update.win32_2.0.0.202105311346/tools/bin/../lib/gcc/arm-none-eabi/9.3.1/../../../../arm-none-eabi/lib/thumb/v7e-m+fp/hard/crt0.o
LOAD ./Core/Sensors/Src/LIDARLite_v4LED.o
LOAD ./Core/Src/main.o
LOAD ./Core/Src/stm32f7xx_hal_msp.o
LOAD ./Core/Src/stm32f7xx_it.o
LOAD ./Core/Src/syscalls.o
LOAD ./Core/Src/sysmem.o
LOAD ./Core/Src/system_stm32f7xx.o
LOAD ./Core/Startup/startup_stm32f746nghx.o
LOAD ./Drivers/STM32F7xx_HAL_Driver/Src/stm32f7xx_hal.o
LOAD ./Drivers/STM32F7xx_HAL_Driver/Src/stm32f7xx_hal_cortex.o
LOAD ./Drivers/STM32F7xx_HAL_Driver/Src/stm32f7xx_hal_dma.o
LOAD ./Drivers/STM32F7xx_HAL_Driver/Src/stm32f7xx_hal_dma_ex.o
LOAD ./Drivers/STM32F7xx_HAL_Driver/Src/stm32f7xx_hal_exti.o
LOAD ./Drivers/STM32F7xx_HAL_Driver/Src/stm32f7xx_hal_flash.o
LOAD ./Drivers/STM32F7xx_HAL_Driver/Src/stm32f7xx_hal_flash_ex.o
LOAD ./Drivers/STM32F7xx_HAL_Driver/Src/stm32f7xx_hal_gpio.o
LOAD ./Drivers/STM32F7xx_HAL_Driver/Src/stm32f7xx_hal_i2c.o
LOAD ./Drivers/STM32F7xx_HAL_Driver/Src/stm32f7xx_hal_i2c_ex.o
LOAD ./Drivers/STM32F7xx_HAL_Driver/Src/stm32f7xx_hal_pwr.o
LOAD ./Drivers/STM32F7xx_HAL_Driver/Src/stm32f7xx_hal_pwr_ex.o
LOAD ./Drivers/STM32F7xx_HAL_Driver/Src/stm32f7xx_hal_rcc.o
LOAD ./Drivers/STM32F7xx_HAL_Driver/Src/stm32f7xx_hal_rcc_ex.o
LOAD ./Drivers/STM32F7xx_HAL_Driver/Src/stm32f7xx_hal_tim.o
LOAD ./Drivers/STM32F7xx_HAL_Driver/Src/stm32f7xx_hal_tim_ex.o
LOAD ./Drivers/STM32F7xx_HAL_Driver/Src/stm32f7xx_hal_uart.o
LOAD ./Drivers/STM32F7xx_HAL_Driver/Src/stm32f7xx_hal_uart_ex.o
START GROUP
LOAD c:/st/stm32cubeide_1.7.0/stm32cubeide/plugins/com.st.stm32cube.ide.mcu.externaltools.gnu-tools-for-stm32.9-2020-q2-update.win32_2.0.0.202105311346/tools/bin/../lib/gcc/arm-none-eabi/9.3.1/../../../../arm-none-eabi/lib/thumb/v7e-m+fp/hard\libc_nano.a
LOAD c:/st/stm32cubeide_1.7.0/stm32cubeide/plugins/com.st.stm32cube.ide.mcu.externaltools.gnu-tools-for-stm32.9-2020-q2-update.win32_2.0.0.202105311346/tools/bin/../lib/gcc/arm-none-eabi/9.3.1/../../../../arm-none-eabi/lib/thumb/v7e-m+fp/hard\libm.a
END GROUP
START GROUP
LOAD c:/st/stm32cubeide_1.7.0/stm32cubeide/plugins/com.st.stm32cube.ide.mcu.externaltools.gnu-tools-for-stm32.9-2020-q2-update.win32_2.0.0.202105311346/tools/bin/../lib/gcc/arm-none-eabi/9.3.1/thumb/v7e-m+fp/hard\libgcc.a
LOAD c:/st/stm32cubeide_1.7.0/stm32cubeide/plugins/com.st.stm32cube.ide.mcu.externaltools.gnu-tools-for-stm32.9-2020-q2-update.win32_2.0.0.202105311346/tools/bin/../lib/gcc/arm-none-eabi/9.3.1/../../../../arm-none-eabi/lib/thumb/v7e-m+fp/hard\libc_nano.a
END GROUP
START GROUP
LOAD c:/st/stm32cubeide_1.7.0/stm32cubeide/plugins/com.st.stm32cube.ide.mcu.externaltools.gnu-tools-for-stm32.9-2020-q2-update.win32_2.0.0.202105311346/tools/bin/../lib/gcc/arm-none-eabi/9.3.1/thumb/v7e-m+fp/hard\libgcc.a
LOAD c:/st/stm32cubeide_1.7.0/stm32cubeide/plugins/com.st.stm32cube.ide.mcu.externaltools.gnu-tools-for-stm32.9-2020-q2-update.win32_2.0.0.202105311346/tools/bin/../lib/gcc/arm-none-eabi/9.3.1/../../../../arm-none-eabi/lib/thumb/v7e-m+fp/hard\libc_nano.a
LOAD c:/st/stm32cubeide_1.7.0/stm32cubeide/plugins/com.st.stm32cube.ide.mcu.externaltools.gnu-tools-for-stm32.9-2020-q2-update.win32_2.0.0.202105311346/tools/bin/../lib/gcc/arm-none-eabi/9.3.1/../../../../arm-none-eabi/lib/thumb/v7e-m+fp/hard\libnosys.a
END GROUP
START GROUP
LOAD c:/st/stm32cubeide_1.7.0/stm32cubeide/plugins/com.st.stm32cube.ide.mcu.externaltools.gnu-tools-for-stm32.9-2020-q2-update.win32_2.0.0.202105311346/tools/bin/../lib/gcc/arm-none-eabi/9.3.1/thumb/v7e-m+fp/hard\libgcc.a
LOAD c:/st/stm32cubeide_1.7.0/stm32cubeide/plugins/com.st.stm32cube.ide.mcu.externaltools.gnu-tools-for-stm32.9-2020-q2-update.win32_2.0.0.202105311346/tools/bin/../lib/gcc/arm-none-eabi/9.3.1/../../../../arm-none-eabi/lib/thumb/v7e-m+fp/hard\libc_nano.a
LOAD c:/st/stm32cubeide_1.7.0/stm32cubeide/plugins/com.st.stm32cube.ide.mcu.externaltools.gnu-tools-for-stm32.9-2020-q2-update.win32_2.0.0.202105311346/tools/bin/../lib/gcc/arm-none-eabi/9.3.1/../../../../arm-none-eabi/lib/thumb/v7e-m+fp/hard\libnosys.a
END GROUP
LOAD c:/st/stm32cubeide_1.7.0/stm32cubeide/plugins/com.st.stm32cube.ide.mcu.externaltools.gnu-tools-for-stm32.9-2020-q2-update.win32_2.0.0.202105311346/tools/bin/../lib/gcc/arm-none-eabi/9.3.1/thumb/v7e-m+fp/hard/crtend.o
LOAD c:/st/stm32cubeide_1.7.0/stm32cubeide/plugins/com.st.stm32cube.ide.mcu.externaltools.gnu-tools-for-stm32.9-2020-q2-update.win32_2.0.0.202105311346/tools/bin/../lib/gcc/arm-none-eabi/9.3.1/thumb/v7e-m+fp/hard/crtn.o
                0x0000000020050000                _estack = (ORIGIN (RAM) + LENGTH (RAM))
                0x0000000000000200                _Min_Heap_Size = 0x200
                0x0000000000000400                _Min_Stack_Size = 0x400

.isr_vector     0x0000000008000000      0x1c8
                0x0000000008000000                . = ALIGN (0x4)
 *(.isr_vector)
 .isr_vector    0x0000000008000000      0x1c8 ./Core/Startup/startup_stm32f746nghx.o
                0x0000000008000000                g_pfnVectors
                0x00000000080001c8                . = ALIGN (0x4)

.text           0x00000000080001d0     0x40e4
                0x00000000080001d0                . = ALIGN (0x4)
 *(.text)
 .text          0x00000000080001d0       0x40 c:/st/stm32cubeide_1.7.0/stm32cubeide/plugins/com.st.stm32cube.ide.mcu.externaltools.gnu-tools-for-stm32.9-2020-q2-update.win32_2.0.0.202105311346/tools/bin/../lib/gcc/arm-none-eabi/9.3.1/thumb/v7e-m+fp/hard/crtbegin.o
 .text          0x0000000008000210       0x10 c:/st/stm32cubeide_1.7.0/stm32cubeide/plugins/com.st.stm32cube.ide.mcu.externaltools.gnu-tools-for-stm32.9-2020-q2-update.win32_2.0.0.202105311346/tools/bin/../lib/gcc/arm-none-eabi/9.3.1/../../../../arm-none-eabi/lib/thumb/v7e-m+fp/hard\libc_nano.a(lib_a-strlen.o)
                0x0000000008000210                strlen
 .text          0x0000000008000220       0xa0 c:/st/stm32cubeide_1.7.0/stm32cubeide/plugins/com.st.stm32cube.ide.mcu.externaltools.gnu-tools-for-stm32.9-2020-q2-update.win32_2.0.0.202105311346/tools/bin/../lib/gcc/arm-none-eabi/9.3.1/../../../../arm-none-eabi/lib/thumb/v7e-m+fp/hard\libc_nano.a(lib_a-memchr.o)
                0x0000000008000220                memchr
 .text          0x00000000080002c0       0x30 c:/st/stm32cubeide_1.7.0/stm32cubeide/plugins/com.st.stm32cube.ide.mcu.externaltools.gnu-tools-for-stm32.9-2020-q2-update.win32_2.0.0.202105311346/tools/bin/../lib/gcc/arm-none-eabi/9.3.1/thumb/v7e-m+fp/hard\libgcc.a(_aeabi_uldivmod.o)
                0x00000000080002c0                __aeabi_uldivmod
 .text          0x00000000080002f0      0x2c4 c:/st/stm32cubeide_1.7.0/stm32cubeide/plugins/com.st.stm32cube.ide.mcu.externaltools.gnu-tools-for-stm32.9-2020-q2-update.win32_2.0.0.202105311346/tools/bin/../lib/gcc/arm-none-eabi/9.3.1/thumb/v7e-m+fp/hard\libgcc.a(_udivmoddi4.o)
                0x00000000080002f0                __udivmoddi4
 .text          0x00000000080005b4        0x4 c:/st/stm32cubeide_1.7.0/stm32cubeide/plugins/com.st.stm32cube.ide.mcu.externaltools.gnu-tools-for-stm32.9-2020-q2-update.win32_2.0.0.202105311346/tools/bin/../lib/gcc/arm-none-eabi/9.3.1/thumb/v7e-m+fp/hard\libgcc.a(_dvmd_tls.o)
                0x00000000080005b4                __aeabi_idiv0
                0x00000000080005b4                __aeabi_ldiv0
 *(.text*)
 .text.LIDAR_init
                0x00000000080005b8       0x3c ./Core/Sensors/Src/LIDARLite_v4LED.o
                0x00000000080005b8                LIDAR_init
 .text.LIDAR_takeRange
                0x00000000080005f4       0x20 ./Core/Sensors/Src/LIDARLite_v4LED.o
                0x00000000080005f4                LIDAR_takeRange
 .text.LIDAR_waitForBusy
                0x0000000008000614       0x22 ./Core/Sensors/Src/LIDARLite_v4LED.o
                0x0000000008000614                LIDAR_waitForBusy
 .text.LIDAR_getBusyFlag
                0x0000000008000636       0x26 ./Core/Sensors/Src/LIDARLite_v4LED.o
                0x0000000008000636                LIDAR_getBusyFlag
 .text.LIDAR_readDistance
                0x000000000800065c       0x30 ./Core/Sensors/Src/LIDARLite_v4LED.o
                0x000000000800065c                LIDAR_readDistance
 .text.LIDAR_getDistance
                0x000000000800068c       0x24 ./Core/Sensors/Src/LIDARLite_v4LED.o
                0x000000000800068c                LIDAR_getDistance
 .text.LIDAR_write
                0x00000000080006b0       0x54 ./Core/Sensors/Src/LIDARLite_v4LED.o
                0x00000000080006b0                LIDAR_write
 .text.LIDAR_read
                0x0000000008000704       0x54 ./Core/Sensors/Src/LIDARLite_v4LED.o
                0x0000000008000704                LIDAR_read
 .text.main     0x0000000008000758      0x1b8 ./Core/Src/main.o
                0x0000000008000758                main
 .text.SystemClock_Config
                0x0000000008000910      0x124 ./Core/Src/main.o
                0x0000000008000910                SystemClock_Config
 .text.MX_I2C1_Init
                0x0000000008000a34       0x80 ./Core/Src/main.o
 .text.MX_USART1_UART_Init
                0x0000000008000ab4       0x60 ./Core/Src/main.o
 .text.MX_GPIO_Init
                0x0000000008000b14       0x48 ./Core/Src/main.o
 .text.Error_Handler
                0x0000000008000b5c        0xa ./Core/Src/main.o
                0x0000000008000b5c                Error_Handler
 *fill*         0x0000000008000b66        0x2 
 .text.HAL_MspInit
                0x0000000008000b68       0x48 ./Core/Src/stm32f7xx_hal_msp.o
                0x0000000008000b68                HAL_MspInit
 .text.HAL_I2C_MspInit
                0x0000000008000bb0       0x88 ./Core/Src/stm32f7xx_hal_msp.o
                0x0000000008000bb0                HAL_I2C_MspInit
 .text.HAL_UART_MspInit
                0x0000000008000c38       0xc4 ./Core/Src/stm32f7xx_hal_msp.o
                0x0000000008000c38                HAL_UART_MspInit
 .text.NMI_Handler
                0x0000000008000cfc        0x6 ./Core/Src/stm32f7xx_it.o
                0x0000000008000cfc                NMI_Handler
 .text.HardFault_Handler
                0x0000000008000d02        0x6 ./Core/Src/stm32f7xx_it.o
                0x0000000008000d02                HardFault_Handler
 .text.MemManage_Handler
                0x0000000008000d08        0x6 ./Core/Src/stm32f7xx_it.o
                0x0000000008000d08                MemManage_Handler
 .text.BusFault_Handler
                0x0000000008000d0e        0x6 ./Core/Src/stm32f7xx_it.o
                0x0000000008000d0e                BusFault_Handler
 .text.UsageFault_Handler
                0x0000000008000d14        0x6 ./Core/Src/stm32f7xx_it.o
                0x0000000008000d14                UsageFault_Handler
 .text.SVC_Handler
                0x0000000008000d1a        0xe ./Core/Src/stm32f7xx_it.o
                0x0000000008000d1a                SVC_Handler
 .text.DebugMon_Handler
                0x0000000008000d28        0xe ./Core/Src/stm32f7xx_it.o
                0x0000000008000d28                DebugMon_Handler
 .text.PendSV_Handler
                0x0000000008000d36        0xe ./Core/Src/stm32f7xx_it.o
                0x0000000008000d36                PendSV_Handler
 .text.SysTick_Handler
                0x0000000008000d44        0xc ./Core/Src/stm32f7xx_it.o
                0x0000000008000d44                SysTick_Handler
 .text._sbrk    0x0000000008000d50       0x6c ./Core/Src/sysmem.o
                0x0000000008000d50                _sbrk
 .text.SystemInit
                0x0000000008000dbc       0x24 ./Core/Src/system_stm32f7xx.o
                0x0000000008000dbc                SystemInit
 .text.Reset_Handler
                0x0000000008000de0       0x50 ./Core/Startup/startup_stm32f746nghx.o
                0x0000000008000de0                Reset_Handler
 .text.Default_Handler
                0x0000000008000e30        0x2 ./Core/Startup/startup_stm32f746nghx.o
                0x0000000008000e30                RTC_Alarm_IRQHandler
                0x0000000008000e30                EXTI2_IRQHandler
                0x0000000008000e30                TIM8_CC_IRQHandler
                0x0000000008000e30                UART8_IRQHandler
                0x0000000008000e30                SPI4_IRQHandler
                0x0000000008000e30                TIM1_CC_IRQHandler
                0x0000000008000e30                DMA2_Stream5_IRQHandler
                0x0000000008000e30                DMA1_Stream5_IRQHandler
                0x0000000008000e30                PVD_IRQHandler
                0x0000000008000e30                TAMP_STAMP_IRQHandler
                0x0000000008000e30                CAN2_RX1_IRQHandler
                0x0000000008000e30                EXTI3_IRQHandler
                0x0000000008000e30                TIM8_TRG_COM_TIM14_IRQHandler
                0x0000000008000e30                TIM1_UP_TIM10_IRQHandler
                0x0000000008000e30                TIM8_UP_TIM13_IRQHandler
                0x0000000008000e30                I2C3_ER_IRQHandler
                0x0000000008000e30                EXTI0_IRQHandler
                0x0000000008000e30                I2C2_EV_IRQHandler
                0x0000000008000e30                DMA1_Stream2_IRQHandler
                0x0000000008000e30                CAN1_RX0_IRQHandler
                0x0000000008000e30                FPU_IRQHandler
                0x0000000008000e30                OTG_HS_WKUP_IRQHandler
                0x0000000008000e30                LTDC_ER_IRQHandler
                0x0000000008000e30                CAN2_SCE_IRQHandler
                0x0000000008000e30                DMA2_Stream2_IRQHandler
                0x0000000008000e30                SPI1_IRQHandler
                0x0000000008000e30                TIM6_DAC_IRQHandler
                0x0000000008000e30                TIM1_BRK_TIM9_IRQHandler
                0x0000000008000e30                DCMI_IRQHandler
                0x0000000008000e30                CAN2_RX0_IRQHandler
                0x0000000008000e30                DMA2_Stream3_IRQHandler
                0x0000000008000e30                SAI2_IRQHandler
                0x0000000008000e30                USART6_IRQHandler
                0x0000000008000e30                USART3_IRQHandler
                0x0000000008000e30                CAN1_RX1_IRQHandler
                0x0000000008000e30                UART5_IRQHandler
                0x0000000008000e30                DMA2_Stream0_IRQHandler
                0x0000000008000e30                TIM4_IRQHandler
                0x0000000008000e30                QUADSPI_IRQHandler
                0x0000000008000e30                I2C1_EV_IRQHandler
                0x0000000008000e30                DMA1_Stream6_IRQHandler
                0x0000000008000e30                DMA1_Stream1_IRQHandler
                0x0000000008000e30                UART4_IRQHandler
                0x0000000008000e30                TIM3_IRQHandler
                0x0000000008000e30                RCC_IRQHandler
                0x0000000008000e30                TIM8_BRK_TIM12_IRQHandler
                0x0000000008000e30                Default_Handler
                0x0000000008000e30                CEC_IRQHandler
                0x0000000008000e30                EXTI15_10_IRQHandler
                0x0000000008000e30                ADC_IRQHandler
                0x0000000008000e30                DMA1_Stream7_IRQHandler
                0x0000000008000e30                SPI5_IRQHandler
                0x0000000008000e30                TIM7_IRQHandler
                0x0000000008000e30                SDMMC1_IRQHandler
                0x0000000008000e30                CAN2_TX_IRQHandler
                0x0000000008000e30                TIM5_IRQHandler
                0x0000000008000e30                DMA2_Stream7_IRQHandler
                0x0000000008000e30                I2C3_EV_IRQHandler
                0x0000000008000e30                EXTI9_5_IRQHandler
                0x0000000008000e30                RTC_WKUP_IRQHandler
                0x0000000008000e30                LTDC_IRQHandler
                0x0000000008000e30                ETH_WKUP_IRQHandler
                0x0000000008000e30                SPDIF_RX_IRQHandler
                0x0000000008000e30                SPI2_IRQHandler
                0x0000000008000e30                OTG_HS_EP1_IN_IRQHandler
                0x0000000008000e30                DMA1_Stream0_IRQHandler
                0x0000000008000e30                CAN1_TX_IRQHandler
                0x0000000008000e30                EXTI4_IRQHandler
                0x0000000008000e30                RNG_IRQHandler
                0x0000000008000e30                ETH_IRQHandler
                0x0000000008000e30                OTG_HS_EP1_OUT_IRQHandler
                0x0000000008000e30                WWDG_IRQHandler
                0x0000000008000e30                SPI6_IRQHandler
                0x0000000008000e30                I2C4_EV_IRQHandler
                0x0000000008000e30                TIM2_IRQHandler
                0x0000000008000e30                OTG_FS_WKUP_IRQHandler
                0x0000000008000e30                TIM1_TRG_COM_TIM11_IRQHandler
                0x0000000008000e30                OTG_HS_IRQHandler
                0x0000000008000e30                DMA2D_IRQHandler
                0x0000000008000e30                EXTI1_IRQHandler
                0x0000000008000e30                UART7_IRQHandler
                0x0000000008000e30                USART2_IRQHandler
                0x0000000008000e30                I2C2_ER_IRQHandler
                0x0000000008000e30                DMA2_Stream1_IRQHandler
                0x0000000008000e30                CAN1_SCE_IRQHandler
                0x0000000008000e30                FLASH_IRQHandler
                0x0000000008000e30                DMA2_Stream4_IRQHandler
                0x0000000008000e30                USART1_IRQHandler
                0x0000000008000e30                OTG_FS_IRQHandler
                0x0000000008000e30                SPI3_IRQHandler
                0x0000000008000e30                DMA1_Stream4_IRQHandler
                0x0000000008000e30                I2C1_ER_IRQHandler
                0x0000000008000e30                FMC_IRQHandler
                0x0000000008000e30                LPTIM1_IRQHandler
                0x0000000008000e30                I2C4_ER_IRQHandler
                0x0000000008000e30                DMA2_Stream6_IRQHandler
                0x0000000008000e30                SAI1_IRQHandler
                0x0000000008000e30                DMA1_Stream3_IRQHandler
 .text.HAL_Init
                0x0000000008000e32       0x1a ./Drivers/STM32F7xx_HAL_Driver/Src/stm32f7xx_hal.o
                0x0000000008000e32                HAL_Init
 .text.HAL_InitTick
                0x0000000008000e4c       0x60 ./Drivers/STM32F7xx_HAL_Driver/Src/stm32f7xx_hal.o
                0x0000000008000e4c                HAL_InitTick
 .text.HAL_IncTick
                0x0000000008000eac       0x28 ./Drivers/STM32F7xx_HAL_Driver/Src/stm32f7xx_hal.o
                0x0000000008000eac                HAL_IncTick
 .text.HAL_GetTick
                0x0000000008000ed4       0x18 ./Drivers/STM32F7xx_HAL_Driver/Src/stm32f7xx_hal.o
                0x0000000008000ed4                HAL_GetTick
 .text.HAL_Delay
                0x0000000008000eec       0x48 ./Drivers/STM32F7xx_HAL_Driver/Src/stm32f7xx_hal.o
                0x0000000008000eec                HAL_Delay
 .text.__NVIC_SetPriorityGrouping
                0x0000000008000f34       0x48 ./Drivers/STM32F7xx_HAL_Driver/Src/stm32f7xx_hal_cortex.o
 .text.__NVIC_GetPriorityGrouping
                0x0000000008000f7c       0x1c ./Drivers/STM32F7xx_HAL_Driver/Src/stm32f7xx_hal_cortex.o
 .text.__NVIC_SetPriority
                0x0000000008000f98       0x54 ./Drivers/STM32F7xx_HAL_Driver/Src/stm32f7xx_hal_cortex.o
 .text.NVIC_EncodePriority
                0x0000000008000fec       0x66 ./Drivers/STM32F7xx_HAL_Driver/Src/stm32f7xx_hal_cortex.o
 *fill*         0x0000000008001052        0x2 
 .text.SysTick_Config
                0x0000000008001054       0x44 ./Drivers/STM32F7xx_HAL_Driver/Src/stm32f7xx_hal_cortex.o
 .text.HAL_NVIC_SetPriorityGrouping
                0x0000000008001098       0x16 ./Drivers/STM32F7xx_HAL_Driver/Src/stm32f7xx_hal_cortex.o
                0x0000000008001098                HAL_NVIC_SetPriorityGrouping
 .text.HAL_NVIC_SetPriority
                0x00000000080010ae       0x38 ./Drivers/STM32F7xx_HAL_Driver/Src/stm32f7xx_hal_cortex.o
                0x00000000080010ae                HAL_NVIC_SetPriority
 .text.HAL_SYSTICK_Config
                0x00000000080010e6       0x18 ./Drivers/STM32F7xx_HAL_Driver/Src/stm32f7xx_hal_cortex.o
                0x00000000080010e6                HAL_SYSTICK_Config
 *fill*         0x00000000080010fe        0x2 
 .text.HAL_GPIO_Init
                0x0000000008001100      0x358 ./Drivers/STM32F7xx_HAL_Driver/Src/stm32f7xx_hal_gpio.o
                0x0000000008001100                HAL_GPIO_Init
 .text.HAL_I2C_Init
                0x0000000008001458      0x120 ./Drivers/STM32F7xx_HAL_Driver/Src/stm32f7xx_hal_i2c.o
                0x0000000008001458                HAL_I2C_Init
 .text.HAL_I2C_Mem_Write
                0x0000000008001578      0x228 ./Drivers/STM32F7xx_HAL_Driver/Src/stm32f7xx_hal_i2c.o
                0x0000000008001578                HAL_I2C_Mem_Write
 .text.HAL_I2C_Mem_Read
                0x00000000080017a0      0x234 ./Drivers/STM32F7xx_HAL_Driver/Src/stm32f7xx_hal_i2c.o
                0x00000000080017a0                HAL_I2C_Mem_Read
 .text.I2C_RequestMemoryWrite
                0x00000000080019d4       0xa8 ./Drivers/STM32F7xx_HAL_Driver/Src/stm32f7xx_hal_i2c.o
 .text.I2C_RequestMemoryRead
                0x0000000008001a7c       0xa8 ./Drivers/STM32F7xx_HAL_Driver/Src/stm32f7xx_hal_i2c.o
 .text.I2C_Flush_TXDR
                0x0000000008001b24       0x48 ./Drivers/STM32F7xx_HAL_Driver/Src/stm32f7xx_hal_i2c.o
 .text.I2C_WaitOnFlagUntilTimeout
                0x0000000008001b6c       0x80 ./Drivers/STM32F7xx_HAL_Driver/Src/stm32f7xx_hal_i2c.o
 .text.I2C_WaitOnTXISFlagUntilTimeout
                0x0000000008001bec       0x80 ./Drivers/STM32F7xx_HAL_Driver/Src/stm32f7xx_hal_i2c.o
 .text.I2C_WaitOnSTOPFlagUntilTimeout
                0x0000000008001c6c       0x78 ./Drivers/STM32F7xx_HAL_Driver/Src/stm32f7xx_hal_i2c.o
 .text.I2C_IsAcknowledgeFailed
                0x0000000008001ce4       0xcc ./Drivers/STM32F7xx_HAL_Driver/Src/stm32f7xx_hal_i2c.o
 .text.I2C_TransferConfig
                0x0000000008001db0       0x5c ./Drivers/STM32F7xx_HAL_Driver/Src/stm32f7xx_hal_i2c.o
 .text.HAL_I2CEx_ConfigAnalogFilter
                0x0000000008001e0c       0x96 ./Drivers/STM32F7xx_HAL_Driver/Src/stm32f7xx_hal_i2c_ex.o
                0x0000000008001e0c                HAL_I2CEx_ConfigAnalogFilter
 .text.HAL_I2CEx_ConfigDigitalFilter
                0x0000000008001ea2       0x98 ./Drivers/STM32F7xx_HAL_Driver/Src/stm32f7xx_hal_i2c_ex.o
                0x0000000008001ea2                HAL_I2CEx_ConfigDigitalFilter
 *fill*         0x0000000008001f3a        0x2 
 .text.HAL_PWREx_EnableOverDrive
                0x0000000008001f3c       0xa0 ./Drivers/STM32F7xx_HAL_Driver/Src/stm32f7xx_hal_pwr_ex.o
                0x0000000008001f3c                HAL_PWREx_EnableOverDrive
 .text.HAL_RCC_OscConfig
                0x0000000008001fdc      0x548 ./Drivers/STM32F7xx_HAL_Driver/Src/stm32f7xx_hal_rcc.o
                0x0000000008001fdc                HAL_RCC_OscConfig
 .text.HAL_RCC_ClockConfig
                0x0000000008002524      0x1d8 ./Drivers/STM32F7xx_HAL_Driver/Src/stm32f7xx_hal_rcc.o
                0x0000000008002524                HAL_RCC_ClockConfig
 .text.HAL_RCC_GetSysClockFreq
                0x00000000080026fc      0x16c ./Drivers/STM32F7xx_HAL_Driver/Src/stm32f7xx_hal_rcc.o
                0x00000000080026fc                HAL_RCC_GetSysClockFreq
 .text.HAL_RCC_GetHCLKFreq
                0x0000000008002868       0x18 ./Drivers/STM32F7xx_HAL_Driver/Src/stm32f7xx_hal_rcc.o
                0x0000000008002868                HAL_RCC_GetHCLKFreq
 .text.HAL_RCC_GetPCLK1Freq
                0x0000000008002880       0x28 ./Drivers/STM32F7xx_HAL_Driver/Src/stm32f7xx_hal_rcc.o
                0x0000000008002880                HAL_RCC_GetPCLK1Freq
 .text.HAL_RCC_GetPCLK2Freq
                0x00000000080028a8       0x28 ./Drivers/STM32F7xx_HAL_Driver/Src/stm32f7xx_hal_rcc.o
                0x00000000080028a8                HAL_RCC_GetPCLK2Freq
 .text.HAL_RCCEx_PeriphCLKConfig
                0x00000000080028d0      0x7e0 ./Drivers/STM32F7xx_HAL_Driver/Src/stm32f7xx_hal_rcc_ex.o
                0x00000000080028d0                HAL_RCCEx_PeriphCLKConfig
 .text.HAL_UART_Init
                0x00000000080030b0       0x9c ./Drivers/STM32F7xx_HAL_Driver/Src/stm32f7xx_hal_uart.o
                0x00000000080030b0                HAL_UART_Init
 .text.HAL_UART_Transmit
                0x000000000800314c      0x126 ./Drivers/STM32F7xx_HAL_Driver/Src/stm32f7xx_hal_uart.o
                0x000000000800314c                HAL_UART_Transmit
 *fill*         0x0000000008003272        0x2 
 .text.UART_SetConfig
                0x0000000008003274      0x4c4 ./Drivers/STM32F7xx_HAL_Driver/Src/stm32f7xx_hal_uart.o
                0x0000000008003274                UART_SetConfig
 .text.UART_AdvFeatureConfig
                0x0000000008003738      0x144 ./Drivers/STM32F7xx_HAL_Driver/Src/stm32f7xx_hal_uart.o
                0x0000000008003738                UART_AdvFeatureConfig
 .text.UART_CheckIdleState
                0x000000000800387c       0x66 ./Drivers/STM32F7xx_HAL_Driver/Src/stm32f7xx_hal_uart.o
                0x000000000800387c                UART_CheckIdleState
 .text.UART_WaitOnFlagUntilTimeout
                0x00000000080038e2       0xf8 ./Drivers/STM32F7xx_HAL_Driver/Src/stm32f7xx_hal_uart.o
                0x00000000080038e2                UART_WaitOnFlagUntilTimeout
 *fill*         0x00000000080039da        0x2 
 .text.__errno  0x00000000080039dc        0xc c:/st/stm32cubeide_1.7.0/stm32cubeide/plugins/com.st.stm32cube.ide.mcu.externaltools.gnu-tools-for-stm32.9-2020-q2-update.win32_2.0.0.202105311346/tools/bin/../lib/gcc/arm-none-eabi/9.3.1/../../../../arm-none-eabi/lib/thumb/v7e-m+fp/hard\libc_nano.a(lib_a-errno.o)
                0x00000000080039dc                __errno
 .text.__libc_init_array
                0x00000000080039e8       0x48 c:/st/stm32cubeide_1.7.0/stm32cubeide/plugins/com.st.stm32cube.ide.mcu.externaltools.gnu-tools-for-stm32.9-2020-q2-update.win32_2.0.0.202105311346/tools/bin/../lib/gcc/arm-none-eabi/9.3.1/../../../../arm-none-eabi/lib/thumb/v7e-m+fp/hard\libc_nano.a(lib_a-init.o)
                0x00000000080039e8                __libc_init_array
 .text.memset   0x0000000008003a30       0x10 c:/st/stm32cubeide_1.7.0/stm32cubeide/plugins/com.st.stm32cube.ide.mcu.externaltools.gnu-tools-for-stm32.9-2020-q2-update.win32_2.0.0.202105311346/tools/bin/../lib/gcc/arm-none-eabi/9.3.1/../../../../arm-none-eabi/lib/thumb/v7e-m+fp/hard\libc_nano.a(lib_a-memset.o)
                0x0000000008003a30                memset
 .text.sprintf  0x0000000008003a40       0x40 c:/st/stm32cubeide_1.7.0/stm32cubeide/plugins/com.st.stm32cube.ide.mcu.externaltools.gnu-tools-for-stm32.9-2020-q2-update.win32_2.0.0.202105311346/tools/bin/../lib/gcc/arm-none-eabi/9.3.1/../../../../arm-none-eabi/lib/thumb/v7e-m+fp/hard\libc_nano.a(lib_a-sprintf.o)
                0x0000000008003a40                siprintf
                0x0000000008003a40                sprintf
 .text.__ssputs_r
                0x0000000008003a80       0xb6 c:/st/stm32cubeide_1.7.0/stm32cubeide/plugins/com.st.stm32cube.ide.mcu.externaltools.gnu-tools-for-stm32.9-2020-q2-update.win32_2.0.0.202105311346/tools/bin/../lib/gcc/arm-none-eabi/9.3.1/../../../../arm-none-eabi/lib/thumb/v7e-m+fp/hard\libc_nano.a(lib_a-nano-svfprintf.o)
                0x0000000008003a80                __ssputs_r
 *fill*         0x0000000008003b36        0x2 
 .text._svfprintf_r
                0x0000000008003b38      0x200 c:/st/stm32cubeide_1.7.0/stm32cubeide/plugins/com.st.stm32cube.ide.mcu.externaltools.gnu-tools-for-stm32.9-2020-q2-update.win32_2.0.0.202105311346/tools/bin/../lib/gcc/arm-none-eabi/9.3.1/../../../../arm-none-eabi/lib/thumb/v7e-m+fp/hard\libc_nano.a(lib_a-nano-svfprintf.o)
                0x0000000008003b38                _svfiprintf_r
                0x0000000008003b38                _svfprintf_r
 .text._printf_common
                0x0000000008003d38       0xda c:/st/stm32cubeide_1.7.0/stm32cubeide/plugins/com.st.stm32cube.ide.mcu.externaltools.gnu-tools-for-stm32.9-2020-q2-update.win32_2.0.0.202105311346/tools/bin/../lib/gcc/arm-none-eabi/9.3.1/../../../../arm-none-eabi/lib/thumb/v7e-m+fp/hard\libc_nano.a(lib_a-nano-vfprintf_i.o)
                0x0000000008003d38                _printf_common
 *fill*         0x0000000008003e12        0x2 
 .text._printf_i
                0x0000000008003e14      0x24c c:/st/stm32cubeide_1.7.0/stm32cubeide/plugins/com.st.stm32cube.ide.mcu.externaltools.gnu-tools-for-stm32.9-2020-q2-update.win32_2.0.0.202105311346/tools/bin/../lib/gcc/arm-none-eabi/9.3.1/../../../../arm-none-eabi/lib/thumb/v7e-m+fp/hard\libc_nano.a(lib_a-nano-vfprintf_i.o)
                0x0000000008003e14                _printf_i
 .text.memcpy   0x0000000008004060       0x1c c:/st/stm32cubeide_1.7.0/stm32cubeide/plugins/com.st.stm32cube.ide.mcu.externaltools.gnu-tools-for-stm32.9-2020-q2-update.win32_2.0.0.202105311346/tools/bin/../lib/gcc/arm-none-eabi/9.3.1/../../../../arm-none-eabi/lib/thumb/v7e-m+fp/hard\libc_nano.a(lib_a-memcpy-stub.o)
                0x0000000008004060                memcpy
 .text.memmove  0x000000000800407c       0x34 c:/st/stm32cubeide_1.7.0/stm32cubeide/plugins/com.st.stm32cube.ide.mcu.externaltools.gnu-tools-for-stm32.9-2020-q2-update.win32_2.0.0.202105311346/tools/bin/../lib/gcc/arm-none-eabi/9.3.1/../../../../arm-none-eabi/lib/thumb/v7e-m+fp/hard\libc_nano.a(lib_a-memmove.o)
                0x000000000800407c                memmove
 .text._free_r  0x00000000080040b0       0xa0 c:/st/stm32cubeide_1.7.0/stm32cubeide/plugins/com.st.stm32cube.ide.mcu.externaltools.gnu-tools-for-stm32.9-2020-q2-update.win32_2.0.0.202105311346/tools/bin/../lib/gcc/arm-none-eabi/9.3.1/../../../../arm-none-eabi/lib/thumb/v7e-m+fp/hard\libc_nano.a(lib_a-nano-freer.o)
                0x00000000080040b0                _free_r
 .text._malloc_r
                0x0000000008004150       0xb4 c:/st/stm32cubeide_1.7.0/stm32cubeide/plugins/com.st.stm32cube.ide.mcu.externaltools.gnu-tools-for-stm32.9-2020-q2-update.win32_2.0.0.202105311346/tools/bin/../lib/gcc/arm-none-eabi/9.3.1/../../../../arm-none-eabi/lib/thumb/v7e-m+fp/hard\libc_nano.a(lib_a-nano-mallocr.o)
                0x0000000008004150                _malloc_r
 .text._realloc_r
                0x0000000008004204       0x4c c:/st/stm32cubeide_1.7.0/stm32cubeide/plugins/com.st.stm32cube.ide.mcu.externaltools.gnu-tools-for-stm32.9-2020-q2-update.win32_2.0.0.202105311346/tools/bin/../lib/gcc/arm-none-eabi/9.3.1/../../../../arm-none-eabi/lib/thumb/v7e-m+fp/hard\libc_nano.a(lib_a-nano-reallocr.o)
                0x0000000008004204                _realloc_r
 .text._sbrk_r  0x0000000008004250       0x20 c:/st/stm32cubeide_1.7.0/stm32cubeide/plugins/com.st.stm32cube.ide.mcu.externaltools.gnu-tools-for-stm32.9-2020-q2-update.win32_2.0.0.202105311346/tools/bin/../lib/gcc/arm-none-eabi/9.3.1/../../../../arm-none-eabi/lib/thumb/v7e-m+fp/hard\libc_nano.a(lib_a-sbrkr.o)
                0x0000000008004250                _sbrk_r
 .text.__malloc_lock
                0x0000000008004270        0xc c:/st/stm32cubeide_1.7.0/stm32cubeide/plugins/com.st.stm32cube.ide.mcu.externaltools.gnu-tools-for-stm32.9-2020-q2-update.win32_2.0.0.202105311346/tools/bin/../lib/gcc/arm-none-eabi/9.3.1/../../../../arm-none-eabi/lib/thumb/v7e-m+fp/hard\libc_nano.a(lib_a-mlock.o)
                0x0000000008004270                __malloc_lock
 .text.__malloc_unlock
                0x000000000800427c        0xc c:/st/stm32cubeide_1.7.0/stm32cubeide/plugins/com.st.stm32cube.ide.mcu.externaltools.gnu-tools-for-stm32.9-2020-q2-update.win32_2.0.0.202105311346/tools/bin/../lib/gcc/arm-none-eabi/9.3.1/../../../../arm-none-eabi/lib/thumb/v7e-m+fp/hard\libc_nano.a(lib_a-mlock.o)
                0x000000000800427c                __malloc_unlock
 .text._malloc_usable_size_r
                0x0000000008004288       0x10 c:/st/stm32cubeide_1.7.0/stm32cubeide/plugins/com.st.stm32cube.ide.mcu.externaltools.gnu-tools-for-stm32.9-2020-q2-update.win32_2.0.0.202105311346/tools/bin/../lib/gcc/arm-none-eabi/9.3.1/../../../../arm-none-eabi/lib/thumb/v7e-m+fp/hard\libc_nano.a(lib_a-nano-msizer.o)
                0x0000000008004288                _malloc_usable_size_r
 .text.__retarget_lock_acquire_recursive
                0x0000000008004298        0x2 c:/st/stm32cubeide_1.7.0/stm32cubeide/plugins/com.st.stm32cube.ide.mcu.externaltools.gnu-tools-for-stm32.9-2020-q2-update.win32_2.0.0.202105311346/tools/bin/../lib/gcc/arm-none-eabi/9.3.1/../../../../arm-none-eabi/lib/thumb/v7e-m+fp/hard\libc_nano.a(lib_a-lock.o)
                0x0000000008004298                __retarget_lock_acquire_recursive
 .text.__retarget_lock_release_recursive
                0x000000000800429a        0x2 c:/st/stm32cubeide_1.7.0/stm32cubeide/plugins/com.st.stm32cube.ide.mcu.externaltools.gnu-tools-for-stm32.9-2020-q2-update.win32_2.0.0.202105311346/tools/bin/../lib/gcc/arm-none-eabi/9.3.1/../../../../arm-none-eabi/lib/thumb/v7e-m+fp/hard\libc_nano.a(lib_a-lock.o)
                0x000000000800429a                __retarget_lock_release_recursive
 *(.glue_7)
 .glue_7        0x000000000800429c        0x0 linker stubs
 *(.glue_7t)
 .glue_7t       0x000000000800429c        0x0 linker stubs
 *(.eh_frame)
 .eh_frame      0x000000000800429c        0x0 c:/st/stm32cubeide_1.7.0/stm32cubeide/plugins/com.st.stm32cube.ide.mcu.externaltools.gnu-tools-for-stm32.9-2020-q2-update.win32_2.0.0.202105311346/tools/bin/../lib/gcc/arm-none-eabi/9.3.1/thumb/v7e-m+fp/hard/crtbegin.o
 *(.init)
 .init          0x000000000800429c        0x4 c:/st/stm32cubeide_1.7.0/stm32cubeide/plugins/com.st.stm32cube.ide.mcu.externaltools.gnu-tools-for-stm32.9-2020-q2-update.win32_2.0.0.202105311346/tools/bin/../lib/gcc/arm-none-eabi/9.3.1/thumb/v7e-m+fp/hard/crti.o
                0x000000000800429c                _init
 .init          0x00000000080042a0        0x8 c:/st/stm32cubeide_1.7.0/stm32cubeide/plugins/com.st.stm32cube.ide.mcu.externaltools.gnu-tools-for-stm32.9-2020-q2-update.win32_2.0.0.202105311346/tools/bin/../lib/gcc/arm-none-eabi/9.3.1/thumb/v7e-m+fp/hard/crtn.o
 *(.fini)
 .fini          0x00000000080042a8        0x4 c:/st/stm32cubeide_1.7.0/stm32cubeide/plugins/com.st.stm32cube.ide.mcu.externaltools.gnu-tools-for-stm32.9-2020-q2-update.win32_2.0.0.202105311346/tools/bin/../lib/gcc/arm-none-eabi/9.3.1/thumb/v7e-m+fp/hard/crti.o
                0x00000000080042a8                _fini
 .fini          0x00000000080042ac        0x8 c:/st/stm32cubeide_1.7.0/stm32cubeide/plugins/com.st.stm32cube.ide.mcu.externaltools.gnu-tools-for-stm32.9-2020-q2-update.win32_2.0.0.202105311346/tools/bin/../lib/gcc/arm-none-eabi/9.3.1/thumb/v7e-m+fp/hard/crtn.o
                0x00000000080042b4                . = ALIGN (0x4)
                0x00000000080042b4                _etext = .

.vfp11_veneer   0x00000000080042b4        0x0
 .vfp11_veneer  0x00000000080042b4        0x0 linker stubs

.v4_bx          0x00000000080042b4        0x0
 .v4_bx         0x00000000080042b4        0x0 linker stubs

.iplt           0x00000000080042b4        0x0
 .iplt          0x00000000080042b4        0x0 c:/st/stm32cubeide_1.7.0/stm32cubeide/plugins/com.st.stm32cube.ide.mcu.externaltools.gnu-tools-for-stm32.9-2020-q2-update.win32_2.0.0.202105311346/tools/bin/../lib/gcc/arm-none-eabi/9.3.1/thumb/v7e-m+fp/hard/crtbegin.o

.rodata         0x00000000080042b4       0xec
                0x00000000080042b4                . = ALIGN (0x4)
 *(.rodata)
 .rodata        0x00000000080042b4       0x9e ./Core/Src/main.o
 *(.rodata*)
 *fill*         0x0000000008004352        0x2 
 .rodata.AHBPrescTable
                0x0000000008004354       0x10 ./Core/Src/system_stm32f7xx.o
                0x0000000008004354                AHBPrescTable
 .rodata.APBPrescTable
                0x0000000008004364        0x8 ./Core/Src/system_stm32f7xx.o
                0x0000000008004364                APBPrescTable
 .rodata._svfprintf_r.str1.1
                0x000000000800436c       0x11 c:/st/stm32cubeide_1.7.0/stm32cubeide/plugins/com.st.stm32cube.ide.mcu.externaltools.gnu-tools-for-stm32.9-2020-q2-update.win32_2.0.0.202105311346/tools/bin/../lib/gcc/arm-none-eabi/9.3.1/../../../../arm-none-eabi/lib/thumb/v7e-m+fp/hard\libc_nano.a(lib_a-nano-svfprintf.o)
 .rodata._printf_i.str1.1
                0x000000000800437d       0x22 c:/st/stm32cubeide_1.7.0/stm32cubeide/plugins/com.st.stm32cube.ide.mcu.externaltools.gnu-tools-for-stm32.9-2020-q2-update.win32_2.0.0.202105311346/tools/bin/../lib/gcc/arm-none-eabi/9.3.1/../../../../arm-none-eabi/lib/thumb/v7e-m+fp/hard\libc_nano.a(lib_a-nano-vfprintf_i.o)
                0x00000000080043a0                . = ALIGN (0x4)
 *fill*         0x000000000800439f        0x1 

.ARM.extab      0x00000000080043a0        0x0
                0x00000000080043a0                . = ALIGN (0x4)
 *(.ARM.extab* .gnu.linkonce.armextab.*)
                0x00000000080043a0                . = ALIGN (0x4)

.ARM            0x00000000080043a0        0x8
                0x00000000080043a0                . = ALIGN (0x4)
                0x00000000080043a0                __exidx_start = .
 *(.ARM.exidx*)
 .ARM.exidx     0x00000000080043a0        0x8 c:/st/stm32cubeide_1.7.0/stm32cubeide/plugins/com.st.stm32cube.ide.mcu.externaltools.gnu-tools-for-stm32.9-2020-q2-update.win32_2.0.0.202105311346/tools/bin/../lib/gcc/arm-none-eabi/9.3.1/thumb/v7e-m+fp/hard\libgcc.a(_udivmoddi4.o)
                0x00000000080043a8                __exidx_end = .
                0x00000000080043a8                . = ALIGN (0x4)

.rel.dyn        0x00000000080043a8        0x0
 .rel.iplt      0x00000000080043a8        0x0 c:/st/stm32cubeide_1.7.0/stm32cubeide/plugins/com.st.stm32cube.ide.mcu.externaltools.gnu-tools-for-stm32.9-2020-q2-update.win32_2.0.0.202105311346/tools/bin/../lib/gcc/arm-none-eabi/9.3.1/thumb/v7e-m+fp/hard/crtbegin.o

.preinit_array  0x00000000080043a8        0x0
                0x00000000080043a8                . = ALIGN (0x4)
                0x00000000080043a8                PROVIDE (__preinit_array_start = .)
 *(.preinit_array*)
                0x00000000080043a8                PROVIDE (__preinit_array_end = .)
                0x00000000080043a8                . = ALIGN (0x4)

.init_array     0x00000000080043a8        0x4
                0x00000000080043a8                . = ALIGN (0x4)
                0x00000000080043a8                PROVIDE (__init_array_start = .)
 *(SORT_BY_NAME(.init_array.*))
 *(.init_array*)
 .init_array    0x00000000080043a8        0x4 c:/st/stm32cubeide_1.7.0/stm32cubeide/plugins/com.st.stm32cube.ide.mcu.externaltools.gnu-tools-for-stm32.9-2020-q2-update.win32_2.0.0.202105311346/tools/bin/../lib/gcc/arm-none-eabi/9.3.1/thumb/v7e-m+fp/hard/crtbegin.o
                0x00000000080043ac                PROVIDE (__init_array_end = .)
                0x00000000080043ac                . = ALIGN (0x4)

.fini_array     0x00000000080043ac        0x4
                0x00000000080043ac                . = ALIGN (0x4)
                [!provide]                        PROVIDE (__fini_array_start = .)
 *(SORT_BY_NAME(.fini_array.*))
 *(.fini_array*)
 .fini_array    0x00000000080043ac        0x4 c:/st/stm32cubeide_1.7.0/stm32cubeide/plugins/com.st.stm32cube.ide.mcu.externaltools.gnu-tools-for-stm32.9-2020-q2-update.win32_2.0.0.202105311346/tools/bin/../lib/gcc/arm-none-eabi/9.3.1/thumb/v7e-m+fp/hard/crtbegin.o
                [!provide]                        PROVIDE (__fini_array_end = .)
                0x00000000080043b0                . = ALIGN (0x4)
                0x00000000080043b0                _sidata = LOADADDR (.data)

.data           0x0000000020000000       0x70 load address 0x00000000080043b0
                0x0000000020000000                . = ALIGN (0x4)
                0x0000000020000000                _sdata = .
 *(.data)
 *(.data*)
 .data.SystemCoreClock
                0x0000000020000000        0x4 ./Core/Src/system_stm32f7xx.o
                0x0000000020000000                SystemCoreClock
 .data.uwTickPrio
                0x0000000020000004        0x4 ./Drivers/STM32F7xx_HAL_Driver/Src/stm32f7xx_hal.o
                0x0000000020000004                uwTickPrio
 .data.uwTickFreq
                0x0000000020000008        0x1 ./Drivers/STM32F7xx_HAL_Driver/Src/stm32f7xx_hal.o
                0x0000000020000008                uwTickFreq
 *fill*         0x0000000020000009        0x3 
 .data._impure_ptr
                0x000000002000000c        0x4 c:/st/stm32cubeide_1.7.0/stm32cubeide/plugins/com.st.stm32cube.ide.mcu.externaltools.gnu-tools-for-stm32.9-2020-q2-update.win32_2.0.0.202105311346/tools/bin/../lib/gcc/arm-none-eabi/9.3.1/../../../../arm-none-eabi/lib/thumb/v7e-m+fp/hard\libc_nano.a(lib_a-impure.o)
                0x000000002000000c                _impure_ptr
 .data.impure_data
                0x0000000020000010       0x60 c:/st/stm32cubeide_1.7.0/stm32cubeide/plugins/com.st.stm32cube.ide.mcu.externaltools.gnu-tools-for-stm32.9-2020-q2-update.win32_2.0.0.202105311346/tools/bin/../lib/gcc/arm-none-eabi/9.3.1/../../../../arm-none-eabi/lib/thumb/v7e-m+fp/hard\libc_nano.a(lib_a-impure.o)
 *(.RamFunc)
 *(.RamFunc*)
                0x0000000020000070                . = ALIGN (0x4)
                0x0000000020000070                _edata = .

.igot.plt       0x0000000020000070        0x0 load address 0x0000000008004420
 .igot.plt      0x0000000020000070        0x0 c:/st/stm32cubeide_1.7.0/stm32cubeide/plugins/com.st.stm32cube.ide.mcu.externaltools.gnu-tools-for-stm32.9-2020-q2-update.win32_2.0.0.202105311346/tools/bin/../lib/gcc/arm-none-eabi/9.3.1/thumb/v7e-m+fp/hard/crtbegin.o
                0x0000000020000070                . = ALIGN (0x4)

.bss            0x0000000020000070      0x114 load address 0x0000000008004420
                0x0000000020000070                _sbss = .
                0x0000000020000070                __bss_start__ = _sbss
 *(.bss)
 .bss           0x0000000020000070       0x1c c:/st/stm32cubeide_1.7.0/stm32cubeide/plugins/com.st.stm32cube.ide.mcu.externaltools.gnu-tools-for-stm32.9-2020-q2-update.win32_2.0.0.202105311346/tools/bin/../lib/gcc/arm-none-eabi/9.3.1/thumb/v7e-m+fp/hard/crtbegin.o
 *(.bss*)
 .bss.__sbrk_heap_end
                0x000000002000008c        0x4 ./Core/Src/sysmem.o
 .bss.__malloc_free_list
                0x0000000020000090        0x4 c:/st/stm32cubeide_1.7.0/stm32cubeide/plugins/com.st.stm32cube.ide.mcu.externaltools.gnu-tools-for-stm32.9-2020-q2-update.win32_2.0.0.202105311346/tools/bin/../lib/gcc/arm-none-eabi/9.3.1/../../../../arm-none-eabi/lib/thumb/v7e-m+fp/hard\libc_nano.a(lib_a-nano-mallocr.o)
                0x0000000020000090                __malloc_free_list
 .bss.__malloc_sbrk_start
                0x0000000020000094        0x4 c:/st/stm32cubeide_1.7.0/stm32cubeide/plugins/com.st.stm32cube.ide.mcu.externaltools.gnu-tools-for-stm32.9-2020-q2-update.win32_2.0.0.202105311346/tools/bin/../lib/gcc/arm-none-eabi/9.3.1/../../../../arm-none-eabi/lib/thumb/v7e-m+fp/hard\libc_nano.a(lib_a-nano-mallocr.o)
                0x0000000020000094                __malloc_sbrk_start
 *(COMMON)
 COMMON         0x0000000020000098        0x8 ./Core/Sensors/Src/LIDARLite_v4LED.o
                0x0000000020000098                LIDAR_cmd
                0x000000002000009c                _i2cPort
 COMMON         0x00000000200000a0       0xd0 ./Core/Src/main.o
                0x00000000200000a0                hi2c1
                0x00000000200000ec                huart1
 COMMON         0x0000000020000170        0x4 ./Drivers/STM32F7xx_HAL_Driver/Src/stm32f7xx_hal.o
                0x0000000020000170                uwTick
 COMMON         0x0000000020000174        0x4 c:/st/stm32cubeide_1.7.0/stm32cubeide/plugins/com.st.stm32cube.ide.mcu.externaltools.gnu-tools-for-stm32.9-2020-q2-update.win32_2.0.0.202105311346/tools/bin/../lib/gcc/arm-none-eabi/9.3.1/../../../../arm-none-eabi/lib/thumb/v7e-m+fp/hard\libc_nano.a(lib_a-reent.o)
                0x0000000020000174                errno
 COMMON         0x0000000020000178        0x9 c:/st/stm32cubeide_1.7.0/stm32cubeide/plugins/com.st.stm32cube.ide.mcu.externaltools.gnu-tools-for-stm32.9-2020-q2-update.win32_2.0.0.202105311346/tools/bin/../lib/gcc/arm-none-eabi/9.3.1/../../../../arm-none-eabi/lib/thumb/v7e-m+fp/hard\libc_nano.a(lib_a-lock.o)
                0x0000000020000178                __lock___atexit_recursive_mutex
                0x0000000020000179                __lock___arc4random_mutex
                0x000000002000017a                __lock___env_recursive_mutex
                0x000000002000017b                __lock___sinit_recursive_mutex
                0x000000002000017c                __lock___malloc_recursive_mutex
                0x000000002000017d                __lock___at_quick_exit_mutex
                0x000000002000017e                __lock___dd_hash_mutex
                0x000000002000017f                __lock___tz_mutex
                0x0000000020000180                __lock___sfp_recursive_mutex
                0x0000000020000184                . = ALIGN (0x4)
 *fill*         0x0000000020000181        0x3 
                0x0000000020000184                _ebss = .
                0x0000000020000184                __bss_end__ = _ebss

._user_heap_stack
                0x0000000020000184      0x604 load address 0x0000000008004420
                0x0000000020000188                . = ALIGN (0x8)
 *fill*         0x0000000020000184        0x4 
                [!provide]                        PROVIDE (end = .)
                0x0000000020000188                PROVIDE (_end = .)
                0x0000000020000388                . = (. + _Min_Heap_Size)
 *fill*         0x0000000020000188      0x200 
                0x0000000020000788                . = (. + _Min_Stack_Size)
 *fill*         0x0000000020000388      0x400 
                0x0000000020000788                . = ALIGN (0x8)

/DISCARD/
 libc.a(*)
 libm.a(*)
 libgcc.a(*)

.ARM.attributes
                0x0000000000000000       0x30
 *(.ARM.attributes)
 .ARM.attributes
                0x0000000000000000       0x1e c:/st/stm32cubeide_1.7.0/stm32cubeide/plugins/com.st.stm32cube.ide.mcu.externaltools.gnu-tools-for-stm32.9-2020-q2-update.win32_2.0.0.202105311346/tools/bin/../lib/gcc/arm-none-eabi/9.3.1/thumb/v7e-m+fp/hard/crti.o
 .ARM.attributes
                0x000000000000001e       0x34 c:/st/stm32cubeide_1.7.0/stm32cubeide/plugins/com.st.stm32cube.ide.mcu.externaltools.gnu-tools-for-stm32.9-2020-q2-update.win32_2.0.0.202105311346/tools/bin/../lib/gcc/arm-none-eabi/9.3.1/thumb/v7e-m+fp/hard/crtbegin.o
 .ARM.attributes
                0x0000000000000052       0x34 ./Core/Sensors/Src/LIDARLite_v4LED.o
 .ARM.attributes
                0x0000000000000086       0x34 ./Core/Src/main.o
 .ARM.attributes
                0x00000000000000ba       0x34 ./Core/Src/stm32f7xx_hal_msp.o
 .ARM.attributes
                0x00000000000000ee       0x34 ./Core/Src/stm32f7xx_it.o
 .ARM.attributes
                0x0000000000000122       0x34 ./Core/Src/sysmem.o
 .ARM.attributes
                0x0000000000000156       0x34 ./Core/Src/system_stm32f7xx.o
 .ARM.attributes
                0x000000000000018a       0x21 ./Core/Startup/startup_stm32f746nghx.o
 .ARM.attributes
                0x00000000000001ab       0x34 ./Drivers/STM32F7xx_HAL_Driver/Src/stm32f7xx_hal.o
 .ARM.attributes
                0x00000000000001df       0x34 ./Drivers/STM32F7xx_HAL_Driver/Src/stm32f7xx_hal_cortex.o
 .ARM.attributes
                0x0000000000000213       0x34 ./Drivers/STM32F7xx_HAL_Driver/Src/stm32f7xx_hal_gpio.o
 .ARM.attributes
                0x0000000000000247       0x34 ./Drivers/STM32F7xx_HAL_Driver/Src/stm32f7xx_hal_i2c.o
 .ARM.attributes
                0x000000000000027b       0x34 ./Drivers/STM32F7xx_HAL_Driver/Src/stm32f7xx_hal_i2c_ex.o
 .ARM.attributes
                0x00000000000002af       0x34 ./Drivers/STM32F7xx_HAL_Driver/Src/stm32f7xx_hal_pwr_ex.o
 .ARM.attributes
                0x00000000000002e3       0x34 ./Drivers/STM32F7xx_HAL_Driver/Src/stm32f7xx_hal_rcc.o
 .ARM.attributes
                0x0000000000000317       0x34 ./Drivers/STM32F7xx_HAL_Driver/Src/stm32f7xx_hal_rcc_ex.o
 .ARM.attributes
                0x000000000000034b       0x34 ./Drivers/STM32F7xx_HAL_Driver/Src/stm32f7xx_hal_uart.o
 .ARM.attributes
                0x000000000000037f       0x34 c:/st/stm32cubeide_1.7.0/stm32cubeide/plugins/com.st.stm32cube.ide.mcu.externaltools.gnu-tools-for-stm32.9-2020-q2-update.win32_2.0.0.202105311346/tools/bin/../lib/gcc/arm-none-eabi/9.3.1/../../../../arm-none-eabi/lib/thumb/v7e-m+fp/hard\libc_nano.a(lib_a-errno.o)
 .ARM.attributes
                0x00000000000003b3       0x32 c:/st/stm32cubeide_1.7.0/stm32cubeide/plugins/com.st.stm32cube.ide.mcu.externaltools.gnu-tools-for-stm32.9-2020-q2-update.win32_2.0.0.202105311346/tools/bin/../lib/gcc/arm-none-eabi/9.3.1/../../../../arm-none-eabi/lib/thumb/v7e-m+fp/hard\libc_nano.a(lib_a-impure.o)
 .ARM.attributes
                0x00000000000003e5       0x34 c:/st/stm32cubeide_1.7.0/stm32cubeide/plugins/com.st.stm32cube.ide.mcu.externaltools.gnu-tools-for-stm32.9-2020-q2-update.win32_2.0.0.202105311346/tools/bin/../lib/gcc/arm-none-eabi/9.3.1/../../../../arm-none-eabi/lib/thumb/v7e-m+fp/hard\libc_nano.a(lib_a-init.o)
 .ARM.attributes
                0x0000000000000419       0x34 c:/st/stm32cubeide_1.7.0/stm32cubeide/plugins/com.st.stm32cube.ide.mcu.externaltools.gnu-tools-for-stm32.9-2020-q2-update.win32_2.0.0.202105311346/tools/bin/../lib/gcc/arm-none-eabi/9.3.1/../../../../arm-none-eabi/lib/thumb/v7e-m+fp/hard\libc_nano.a(lib_a-memset.o)
 .ARM.attributes
                0x000000000000044d       0x34 c:/st/stm32cubeide_1.7.0/stm32cubeide/plugins/com.st.stm32cube.ide.mcu.externaltools.gnu-tools-for-stm32.9-2020-q2-update.win32_2.0.0.202105311346/tools/bin/../lib/gcc/arm-none-eabi/9.3.1/../../../../arm-none-eabi/lib/thumb/v7e-m+fp/hard\libc_nano.a(lib_a-sprintf.o)
 .ARM.attributes
                0x0000000000000481       0x17 c:/st/stm32cubeide_1.7.0/stm32cubeide/plugins/com.st.stm32cube.ide.mcu.externaltools.gnu-tools-for-stm32.9-2020-q2-update.win32_2.0.0.202105311346/tools/bin/../lib/gcc/arm-none-eabi/9.3.1/../../../../arm-none-eabi/lib/thumb/v7e-m+fp/hard\libc_nano.a(lib_a-strlen.o)
 .ARM.attributes
                0x0000000000000498       0x34 c:/st/stm32cubeide_1.7.0/stm32cubeide/plugins/com.st.stm32cube.ide.mcu.externaltools.gnu-tools-for-stm32.9-2020-q2-update.win32_2.0.0.202105311346/tools/bin/../lib/gcc/arm-none-eabi/9.3.1/../../../../arm-none-eabi/lib/thumb/v7e-m+fp/hard\libc_nano.a(lib_a-nano-svfprintf.o)
 .ARM.attributes
                0x00000000000004cc       0x34 c:/st/stm32cubeide_1.7.0/stm32cubeide/plugins/com.st.stm32cube.ide.mcu.externaltools.gnu-tools-for-stm32.9-2020-q2-update.win32_2.0.0.202105311346/tools/bin/../lib/gcc/arm-none-eabi/9.3.1/../../../../arm-none-eabi/lib/thumb/v7e-m+fp/hard\libc_nano.a(lib_a-nano-vfprintf_i.o)
 .ARM.attributes
                0x0000000000000500       0x1c c:/st/stm32cubeide_1.7.0/stm32cubeide/plugins/com.st.stm32cube.ide.mcu.externaltools.gnu-tools-for-stm32.9-2020-q2-update.win32_2.0.0.202105311346/tools/bin/../lib/gcc/arm-none-eabi/9.3.1/../../../../arm-none-eabi/lib/thumb/v7e-m+fp/hard\libc_nano.a(lib_a-memchr.o)
 .ARM.attributes
                0x000000000000051c       0x34 c:/st/stm32cubeide_1.7.0/stm32cubeide/plugins/com.st.stm32cube.ide.mcu.externaltools.gnu-tools-for-stm32.9-2020-q2-update.win32_2.0.0.202105311346/tools/bin/../lib/gcc/arm-none-eabi/9.3.1/../../../../arm-none-eabi/lib/thumb/v7e-m+fp/hard\libc_nano.a(lib_a-memcpy-stub.o)
 .ARM.attributes
                0x0000000000000550       0x34 c:/st/stm32cubeide_1.7.0/stm32cubeide/plugins/com.st.stm32cube.ide.mcu.externaltools.gnu-tools-for-stm32.9-2020-q2-update.win32_2.0.0.202105311346/tools/bin/../lib/gcc/arm-none-eabi/9.3.1/../../../../arm-none-eabi/lib/thumb/v7e-m+fp/hard\libc_nano.a(lib_a-memmove.o)
 .ARM.attributes
                0x0000000000000584       0x34 c:/st/stm32cubeide_1.7.0/stm32cubeide/plugins/com.st.stm32cube.ide.mcu.externaltools.gnu-tools-for-stm32.9-2020-q2-update.win32_2.0.0.202105311346/tools/bin/../lib/gcc/arm-none-eabi/9.3.1/../../../../arm-none-eabi/lib/thumb/v7e-m+fp/hard\libc_nano.a(lib_a-nano-freer.o)
 .ARM.attributes
                0x00000000000005b8       0x34 c:/st/stm32cubeide_1.7.0/stm32cubeide/plugins/com.st.stm32cube.ide.mcu.externaltools.gnu-tools-for-stm32.9-2020-q2-update.win32_2.0.0.202105311346/tools/bin/../lib/gcc/arm-none-eabi/9.3.1/../../../../arm-none-eabi/lib/thumb/v7e-m+fp/hard\libc_nano.a(lib_a-nano-mallocr.o)
 .ARM.attributes
                0x00000000000005ec       0x34 c:/st/stm32cubeide_1.7.0/stm32cubeide/plugins/com.st.stm32cube.ide.mcu.externaltools.gnu-tools-for-stm32.9-2020-q2-update.win32_2.0.0.202105311346/tools/bin/../lib/gcc/arm-none-eabi/9.3.1/../../../../arm-none-eabi/lib/thumb/v7e-m+fp/hard\libc_nano.a(lib_a-nano-reallocr.o)
 .ARM.attributes
                0x0000000000000620       0x34 c:/st/stm32cubeide_1.7.0/stm32cubeide/plugins/com.st.stm32cube.ide.mcu.externaltools.gnu-tools-for-stm32.9-2020-q2-update.win32_2.0.0.202105311346/tools/bin/../lib/gcc/arm-none-eabi/9.3.1/../../../../arm-none-eabi/lib/thumb/v7e-m+fp/hard\libc_nano.a(lib_a-sbrkr.o)
 .ARM.attributes
                0x0000000000000654       0x34 c:/st/stm32cubeide_1.7.0/stm32cubeide/plugins/com.st.stm32cube.ide.mcu.externaltools.gnu-tools-for-stm32.9-2020-q2-update.win32_2.0.0.202105311346/tools/bin/../lib/gcc/arm-none-eabi/9.3.1/../../../../arm-none-eabi/lib/thumb/v7e-m+fp/hard\libc_nano.a(lib_a-mlock.o)
 .ARM.attributes
                0x0000000000000688       0x34 c:/st/stm32cubeide_1.7.0/stm32cubeide/plugins/com.st.stm32cube.ide.mcu.externaltools.gnu-tools-for-stm32.9-2020-q2-update.win32_2.0.0.202105311346/tools/bin/../lib/gcc/arm-none-eabi/9.3.1/../../../../arm-none-eabi/lib/thumb/v7e-m+fp/hard\libc_nano.a(lib_a-nano-msizer.o)
 .ARM.attributes
                0x00000000000006bc       0x34 c:/st/stm32cubeide_1.7.0/stm32cubeide/plugins/com.st.stm32cube.ide.mcu.externaltools.gnu-tools-for-stm32.9-2020-q2-update.win32_2.0.0.202105311346/tools/bin/../lib/gcc/arm-none-eabi/9.3.1/../../../../arm-none-eabi/lib/thumb/v7e-m+fp/hard\libc_nano.a(lib_a-reent.o)
 .ARM.attributes
                0x00000000000006f0       0x34 c:/st/stm32cubeide_1.7.0/stm32cubeide/plugins/com.st.stm32cube.ide.mcu.externaltools.gnu-tools-for-stm32.9-2020-q2-update.win32_2.0.0.202105311346/tools/bin/../lib/gcc/arm-none-eabi/9.3.1/../../../../arm-none-eabi/lib/thumb/v7e-m+fp/hard\libc_nano.a(lib_a-lock.o)
 .ARM.attributes
                0x0000000000000724       0x1e c:/st/stm32cubeide_1.7.0/stm32cubeide/plugins/com.st.stm32cube.ide.mcu.externaltools.gnu-tools-for-stm32.9-2020-q2-update.win32_2.0.0.202105311346/tools/bin/../lib/gcc/arm-none-eabi/9.3.1/thumb/v7e-m+fp/hard\libgcc.a(_aeabi_uldivmod.o)
 .ARM.attributes
                0x0000000000000742       0x34 c:/st/stm32cubeide_1.7.0/stm32cubeide/plugins/com.st.stm32cube.ide.mcu.externaltools.gnu-tools-for-stm32.9-2020-q2-update.win32_2.0.0.202105311346/tools/bin/../lib/gcc/arm-none-eabi/9.3.1/thumb/v7e-m+fp/hard\libgcc.a(_udivmoddi4.o)
 .ARM.attributes
                0x0000000000000776       0x1e c:/st/stm32cubeide_1.7.0/stm32cubeide/plugins/com.st.stm32cube.ide.mcu.externaltools.gnu-tools-for-stm32.9-2020-q2-update.win32_2.0.0.202105311346/tools/bin/../lib/gcc/arm-none-eabi/9.3.1/thumb/v7e-m+fp/hard\libgcc.a(_dvmd_tls.o)
 .ARM.attributes
                0x0000000000000794       0x1e c:/st/stm32cubeide_1.7.0/stm32cubeide/plugins/com.st.stm32cube.ide.mcu.externaltools.gnu-tools-for-stm32.9-2020-q2-update.win32_2.0.0.202105311346/tools/bin/../lib/gcc/arm-none-eabi/9.3.1/thumb/v7e-m+fp/hard/crtn.o
OUTPUT(LoRaSnow_LIDARLite.elf elf32-littlearm)
LOAD linker stubs
LOAD c:/st/stm32cubeide_1.7.0/stm32cubeide/plugins/com.st.stm32cube.ide.mcu.externaltools.gnu-tools-for-stm32.9-2020-q2-update.win32_2.0.0.202105311346/tools/bin/../lib/gcc/arm-none-eabi/9.3.1/../../../../arm-none-eabi/lib/thumb/v7e-m+fp/hard\libc.a
LOAD c:/st/stm32cubeide_1.7.0/stm32cubeide/plugins/com.st.stm32cube.ide.mcu.externaltools.gnu-tools-for-stm32.9-2020-q2-update.win32_2.0.0.202105311346/tools/bin/../lib/gcc/arm-none-eabi/9.3.1/../../../../arm-none-eabi/lib/thumb/v7e-m+fp/hard\libm.a
LOAD c:/st/stm32cubeide_1.7.0/stm32cubeide/plugins/com.st.stm32cube.ide.mcu.externaltools.gnu-tools-for-stm32.9-2020-q2-update.win32_2.0.0.202105311346/tools/bin/../lib/gcc/arm-none-eabi/9.3.1/thumb/v7e-m+fp/hard\libgcc.a

.debug_info     0x0000000000000000     0xd041
 .debug_info    0x0000000000000000      0xc12 ./Core/Sensors/Src/LIDARLite_v4LED.o
 .debug_info    0x0000000000000c12     0x1baa ./Core/Src/main.o
 .debug_info    0x00000000000027bc      0xec9 ./Core/Src/stm32f7xx_hal_msp.o
 .debug_info    0x0000000000003685      0x222 ./Core/Src/stm32f7xx_it.o
 .debug_info    0x00000000000038a7      0xa25 ./Core/Src/sysmem.o
 .debug_info    0x00000000000042cc      0x7ad ./Core/Src/system_stm32f7xx.o
 .debug_info    0x0000000000004a79       0x22 ./Core/Startup/startup_stm32f746nghx.o
 .debug_info    0x0000000000004a9b      0xa42 ./Drivers/STM32F7xx_HAL_Driver/Src/stm32f7xx_hal.o
 .debug_info    0x00000000000054dd     0x1116 ./Drivers/STM32F7xx_HAL_Driver/Src/stm32f7xx_hal_cortex.o
 .debug_info    0x00000000000065f3      0x868 ./Drivers/STM32F7xx_HAL_Driver/Src/stm32f7xx_hal_gpio.o
 .debug_info    0x0000000000006e5b     0x221e ./Drivers/STM32F7xx_HAL_Driver/Src/stm32f7xx_hal_i2c.o
 .debug_info    0x0000000000009079      0xa8e ./Drivers/STM32F7xx_HAL_Driver/Src/stm32f7xx_hal_i2c_ex.o
 .debug_info    0x0000000000009b07      0x9f6 ./Drivers/STM32F7xx_HAL_Driver/Src/stm32f7xx_hal_pwr_ex.o
 .debug_info    0x000000000000a4fd      0x9cc ./Drivers/STM32F7xx_HAL_Driver/Src/stm32f7xx_hal_rcc.o
 .debug_info    0x000000000000aec9      0x82c ./Drivers/STM32F7xx_HAL_Driver/Src/stm32f7xx_hal_rcc_ex.o
 .debug_info    0x000000000000b6f5     0x194c ./Drivers/STM32F7xx_HAL_Driver/Src/stm32f7xx_hal_uart.o

.debug_abbrev   0x0000000000000000     0x1e54
 .debug_abbrev  0x0000000000000000      0x25f ./Core/Sensors/Src/LIDARLite_v4LED.o
 .debug_abbrev  0x000000000000025f      0x2d9 ./Core/Src/main.o
 .debug_abbrev  0x0000000000000538      0x1b7 ./Core/Src/stm32f7xx_hal_msp.o
 .debug_abbrev  0x00000000000006ef       0xd2 ./Core/Src/stm32f7xx_it.o
 .debug_abbrev  0x00000000000007c1      0x1bf ./Core/Src/sysmem.o
 .debug_abbrev  0x0000000000000980      0x165 ./Core/Src/system_stm32f7xx.o
 .debug_abbrev  0x0000000000000ae5       0x12 ./Core/Startup/startup_stm32f746nghx.o
 .debug_abbrev  0x0000000000000af7      0x1ed ./Drivers/STM32F7xx_HAL_Driver/Src/stm32f7xx_hal.o
 .debug_abbrev  0x0000000000000ce4      0x33c ./Drivers/STM32F7xx_HAL_Driver/Src/stm32f7xx_hal_cortex.o
 .debug_abbrev  0x0000000000001020      0x1f1 ./Drivers/STM32F7xx_HAL_Driver/Src/stm32f7xx_hal_gpio.o
 .debug_abbrev  0x0000000000001211      0x256 ./Drivers/STM32F7xx_HAL_Driver/Src/stm32f7xx_hal_i2c.o
 .debug_abbrev  0x0000000000001467      0x1bb ./Drivers/STM32F7xx_HAL_Driver/Src/stm32f7xx_hal_i2c_ex.o
 .debug_abbrev  0x0000000000001622      0x1dc ./Drivers/STM32F7xx_HAL_Driver/Src/stm32f7xx_hal_pwr_ex.o
 .debug_abbrev  0x00000000000017fe      0x246 ./Drivers/STM32F7xx_HAL_Driver/Src/stm32f7xx_hal_rcc.o
 .debug_abbrev  0x0000000000001a44      0x1d1 ./Drivers/STM32F7xx_HAL_Driver/Src/stm32f7xx_hal_rcc_ex.o
 .debug_abbrev  0x0000000000001c15      0x23f ./Drivers/STM32F7xx_HAL_Driver/Src/stm32f7xx_hal_uart.o

.debug_aranges  0x0000000000000000      0xaa8
 .debug_aranges
                0x0000000000000000       0x98 ./Core/Sensors/Src/LIDARLite_v4LED.o
 .debug_aranges
                0x0000000000000098       0x48 ./Core/Src/main.o
 .debug_aranges
                0x00000000000000e0       0x40 ./Core/Src/stm32f7xx_hal_msp.o
 .debug_aranges
                0x0000000000000120       0x60 ./Core/Src/stm32f7xx_it.o
 .debug_aranges
                0x0000000000000180       0x20 ./Core/Src/sysmem.o
 .debug_aranges
                0x00000000000001a0       0x28 ./Core/Src/system_stm32f7xx.o
 .debug_aranges
                0x00000000000001c8       0x28 ./Core/Startup/startup_stm32f746nghx.o
 .debug_aranges
                0x00000000000001f0      0x100 ./Drivers/STM32F7xx_HAL_Driver/Src/stm32f7xx_hal.o
 .debug_aranges
                0x00000000000002f0      0x118 ./Drivers/STM32F7xx_HAL_Driver/Src/stm32f7xx_hal_cortex.o
 .debug_aranges
                0x0000000000000408       0x58 ./Drivers/STM32F7xx_HAL_Driver/Src/stm32f7xx_hal_gpio.o
 .debug_aranges
                0x0000000000000460      0x290 ./Drivers/STM32F7xx_HAL_Driver/Src/stm32f7xx_hal_i2c.o
 .debug_aranges
                0x00000000000006f0       0x38 ./Drivers/STM32F7xx_HAL_Driver/Src/stm32f7xx_hal_i2c_ex.o
 .debug_aranges
                0x0000000000000728       0x80 ./Drivers/STM32F7xx_HAL_Driver/Src/stm32f7xx_hal_pwr_ex.o
 .debug_aranges
                0x00000000000007a8       0x88 ./Drivers/STM32F7xx_HAL_Driver/Src/stm32f7xx_hal_rcc.o
 .debug_aranges
                0x0000000000000830       0x50 ./Drivers/STM32F7xx_HAL_Driver/Src/stm32f7xx_hal_rcc_ex.o
 .debug_aranges
                0x0000000000000880      0x228 ./Drivers/STM32F7xx_HAL_Driver/Src/stm32f7xx_hal_uart.o

.debug_ranges   0x0000000000000000      0x9e0
 .debug_ranges  0x0000000000000000       0x88 ./Core/Sensors/Src/LIDARLite_v4LED.o
 .debug_ranges  0x0000000000000088       0x38 ./Core/Src/main.o
 .debug_ranges  0x00000000000000c0       0x30 ./Core/Src/stm32f7xx_hal_msp.o
 .debug_ranges  0x00000000000000f0       0x50 ./Core/Src/stm32f7xx_it.o
 .debug_ranges  0x0000000000000140       0x10 ./Core/Src/sysmem.o
 .debug_ranges  0x0000000000000150       0x18 ./Core/Src/system_stm32f7xx.o
 .debug_ranges  0x0000000000000168       0x20 ./Core/Startup/startup_stm32f746nghx.o
 .debug_ranges  0x0000000000000188       0xf0 ./Drivers/STM32F7xx_HAL_Driver/Src/stm32f7xx_hal.o
 .debug_ranges  0x0000000000000278      0x108 ./Drivers/STM32F7xx_HAL_Driver/Src/stm32f7xx_hal_cortex.o
 .debug_ranges  0x0000000000000380       0x48 ./Drivers/STM32F7xx_HAL_Driver/Src/stm32f7xx_hal_gpio.o
 .debug_ranges  0x00000000000003c8      0x280 ./Drivers/STM32F7xx_HAL_Driver/Src/stm32f7xx_hal_i2c.o
 .debug_ranges  0x0000000000000648       0x28 ./Drivers/STM32F7xx_HAL_Driver/Src/stm32f7xx_hal_i2c_ex.o
 .debug_ranges  0x0000000000000670       0x70 ./Drivers/STM32F7xx_HAL_Driver/Src/stm32f7xx_hal_pwr_ex.o
 .debug_ranges  0x00000000000006e0       0x78 ./Drivers/STM32F7xx_HAL_Driver/Src/stm32f7xx_hal_rcc.o
 .debug_ranges  0x0000000000000758       0x40 ./Drivers/STM32F7xx_HAL_Driver/Src/stm32f7xx_hal_rcc_ex.o
 .debug_ranges  0x0000000000000798      0x248 ./Drivers/STM32F7xx_HAL_Driver/Src/stm32f7xx_hal_uart.o

.debug_macro    0x0000000000000000    0x2563f
 .debug_macro   0x0000000000000000      0x1e7 ./Core/Sensors/Src/LIDARLite_v4LED.o
 .debug_macro   0x00000000000001e7      0xaa8 ./Core/Sensors/Src/LIDARLite_v4LED.o
 .debug_macro   0x0000000000000c8f      0x28d ./Core/Sensors/Src/LIDARLite_v4LED.o
 .debug_macro   0x0000000000000f1c       0x2e ./Core/Sensors/Src/LIDARLite_v4LED.o
 .debug_macro   0x0000000000000f4a       0x3b ./Core/Sensors/Src/LIDARLite_v4LED.o
 .debug_macro   0x0000000000000f85       0x22 ./Core/Sensors/Src/LIDARLite_v4LED.o
 .debug_macro   0x0000000000000fa7       0x8e ./Core/Sensors/Src/LIDARLite_v4LED.o
 .debug_macro   0x0000000000001035       0x51 ./Core/Sensors/Src/LIDARLite_v4LED.o
 .debug_macro   0x0000000000001086      0x103 ./Core/Sensors/Src/LIDARLite_v4LED.o
 .debug_macro   0x0000000000001189       0x6a ./Core/Sensors/Src/LIDARLite_v4LED.o
 .debug_macro   0x00000000000011f3      0x1df ./Core/Sensors/Src/LIDARLite_v4LED.o
 .debug_macro   0x00000000000013d2       0x1c ./Core/Sensors/Src/LIDARLite_v4LED.o
 .debug_macro   0x00000000000013ee       0x22 ./Core/Sensors/Src/LIDARLite_v4LED.o
 .debug_macro   0x0000000000001410       0xdf ./Core/Sensors/Src/LIDARLite_v4LED.o
 .debug_macro   0x00000000000014ef     0x12cd ./Core/Sensors/Src/LIDARLite_v4LED.o
 .debug_macro   0x00000000000027bc      0x11f ./Core/Sensors/Src/LIDARLite_v4LED.o
 .debug_macro   0x00000000000028db       0x19 ./Core/Sensors/Src/LIDARLite_v4LED.o
 .debug_macro   0x00000000000028f4    0x191cb ./Core/Sensors/Src/LIDARLite_v4LED.o
 .debug_macro   0x000000000001babf       0x43 ./Core/Sensors/Src/LIDARLite_v4LED.o
 .debug_macro   0x000000000001bb02     0x36c9 ./Core/Sensors/Src/LIDARLite_v4LED.o
 .debug_macro   0x000000000001f1cb      0x174 ./Core/Sensors/Src/LIDARLite_v4LED.o
 .debug_macro   0x000000000001f33f       0x63 ./Core/Sensors/Src/LIDARLite_v4LED.o
 .debug_macro   0x000000000001f3a2     0x18ad ./Core/Sensors/Src/LIDARLite_v4LED.o
 .debug_macro   0x0000000000020c4f      0x6c4 ./Core/Sensors/Src/LIDARLite_v4LED.o
 .debug_macro   0x0000000000021313      0x185 ./Core/Sensors/Src/LIDARLite_v4LED.o
 .debug_macro   0x0000000000021498      0x117 ./Core/Sensors/Src/LIDARLite_v4LED.o
 .debug_macro   0x00000000000215af      0x1fe ./Core/Sensors/Src/LIDARLite_v4LED.o
 .debug_macro   0x00000000000217ad       0x27 ./Core/Sensors/Src/LIDARLite_v4LED.o
 .debug_macro   0x00000000000217d4      0x24f ./Core/Sensors/Src/LIDARLite_v4LED.o
 .debug_macro   0x0000000000021a23       0x41 ./Core/Sensors/Src/LIDARLite_v4LED.o
 .debug_macro   0x0000000000021a64       0x58 ./Core/Sensors/Src/LIDARLite_v4LED.o
 .debug_macro   0x0000000000021abc      0x236 ./Core/Sensors/Src/LIDARLite_v4LED.o
 .debug_macro   0x0000000000021cf2      0x14f ./Core/Sensors/Src/LIDARLite_v4LED.o
 .debug_macro   0x0000000000021e41      0x25b ./Core/Sensors/Src/LIDARLite_v4LED.o
 .debug_macro   0x000000000002209c       0x12 ./Core/Sensors/Src/LIDARLite_v4LED.o
 .debug_macro   0x00000000000220ae      0x22c ./Core/Sensors/Src/LIDARLite_v4LED.o
 .debug_macro   0x00000000000222da       0x61 ./Core/Sensors/Src/LIDARLite_v4LED.o
 .debug_macro   0x000000000002233b       0xa5 ./Core/Sensors/Src/LIDARLite_v4LED.o
 .debug_macro   0x00000000000223e0      0x12f ./Core/Sensors/Src/LIDARLite_v4LED.o
 .debug_macro   0x000000000002250f      0x108 ./Core/Sensors/Src/LIDARLite_v4LED.o
 .debug_macro   0x0000000000022617       0x35 ./Core/Sensors/Src/LIDARLite_v4LED.o
 .debug_macro   0x000000000002264c      0x558 ./Core/Sensors/Src/LIDARLite_v4LED.o
 .debug_macro   0x0000000000022ba4       0x44 ./Core/Sensors/Src/LIDARLite_v4LED.o
 .debug_macro   0x0000000000022be8      0x14e ./Core/Sensors/Src/LIDARLite_v4LED.o
 .debug_macro   0x0000000000022d36       0x22 ./Core/Sensors/Src/LIDARLite_v4LED.o
 .debug_macro   0x0000000000022d58       0x10 ./Core/Sensors/Src/LIDARLite_v4LED.o
 .debug_macro   0x0000000000022d68      0x37a ./Core/Src/main.o
 .debug_macro   0x00000000000230e2       0x52 ./Core/Src/main.o
 .debug_macro   0x0000000000023134       0x18 ./Core/Src/main.o
 .debug_macro   0x000000000002314c       0x3c ./Core/Src/main.o
 .debug_macro   0x0000000000023188       0x34 ./Core/Src/main.o
 .debug_macro   0x00000000000231bc       0x16 ./Core/Src/main.o
 .debug_macro   0x00000000000231d2       0x43 ./Core/Src/main.o
 .debug_macro   0x0000000000023215       0x34 ./Core/Src/main.o
 .debug_macro   0x0000000000023249       0x10 ./Core/Src/main.o
 .debug_macro   0x0000000000023259       0x58 ./Core/Src/main.o
 .debug_macro   0x00000000000232b1       0x71 ./Core/Src/main.o
 .debug_macro   0x0000000000023322       0x1c ./Core/Src/main.o
 .debug_macro   0x000000000002333e      0x12a ./Core/Src/main.o
 .debug_macro   0x0000000000023468      0x333 ./Core/Src/main.o
 .debug_macro   0x000000000002379b       0x10 ./Core/Src/main.o
 .debug_macro   0x00000000000237ab       0x35 ./Core/Src/main.o
 .debug_macro   0x00000000000237e0       0x20 ./Core/Src/main.o
 .debug_macro   0x0000000000023800       0x1c ./Core/Src/main.o
 .debug_macro   0x000000000002381c       0x10 ./Core/Src/main.o
 .debug_macro   0x000000000002382c       0x10 ./Core/Src/main.o
 .debug_macro   0x000000000002383c       0x1c ./Core/Src/main.o
 .debug_macro   0x0000000000023858       0x52 ./Core/Src/main.o
 .debug_macro   0x00000000000238aa       0x22 ./Core/Src/main.o
 .debug_macro   0x00000000000238cc       0x10 ./Core/Src/main.o
 .debug_macro   0x00000000000238dc       0x40 ./Core/Src/main.o
 .debug_macro   0x000000000002391c       0xd5 ./Core/Src/main.o
 .debug_macro   0x00000000000239f1       0x1c ./Core/Src/main.o
 .debug_macro   0x0000000000023a0d       0x3d ./Core/Src/main.o
 .debug_macro   0x0000000000023a4a       0x16 ./Core/Src/main.o
 .debug_macro   0x0000000000023a60      0x145 ./Core/Src/main.o
 .debug_macro   0x0000000000023ba5       0x16 ./Core/Src/main.o
 .debug_macro   0x0000000000023bbb      0x1d9 ./Core/Src/stm32f7xx_hal_msp.o
 .debug_macro   0x0000000000023d94      0x1e3 ./Core/Src/stm32f7xx_it.o
 .debug_macro   0x0000000000023f77       0xff ./Core/Src/sysmem.o
 .debug_macro   0x0000000000024076      0x23b ./Core/Src/sysmem.o
 .debug_macro   0x00000000000242b1      0x1cf ./Core/Src/system_stm32f7xx.o
 .debug_macro   0x0000000000024480      0x1f3 ./Drivers/STM32F7xx_HAL_Driver/Src/stm32f7xx_hal.o
 .debug_macro   0x0000000000024673      0x1cf ./Drivers/STM32F7xx_HAL_Driver/Src/stm32f7xx_hal_cortex.o
 .debug_macro   0x0000000000024842      0x205 ./Drivers/STM32F7xx_HAL_Driver/Src/stm32f7xx_hal_gpio.o
 .debug_macro   0x0000000000024a47      0x294 ./Drivers/STM32F7xx_HAL_Driver/Src/stm32f7xx_hal_i2c.o
 .debug_macro   0x0000000000024cdb      0x1cf ./Drivers/STM32F7xx_HAL_Driver/Src/stm32f7xx_hal_i2c_ex.o
 .debug_macro   0x0000000000024eaa      0x1e7 ./Drivers/STM32F7xx_HAL_Driver/Src/stm32f7xx_hal_pwr_ex.o
 .debug_macro   0x0000000000025091      0x1f3 ./Drivers/STM32F7xx_HAL_Driver/Src/stm32f7xx_hal_rcc.o
 .debug_macro   0x0000000000025284      0x1cf ./Drivers/STM32F7xx_HAL_Driver/Src/stm32f7xx_hal_rcc_ex.o
 .debug_macro   0x0000000000025453      0x1ec ./Drivers/STM32F7xx_HAL_Driver/Src/stm32f7xx_hal_uart.o

.debug_line     0x0000000000000000     0xcd8f
 .debug_line    0x0000000000000000      0x8eb ./Core/Sensors/Src/LIDARLite_v4LED.o
 .debug_line    0x00000000000008eb      0xaf1 ./Core/Src/main.o
 .debug_line    0x00000000000013dc      0x76e ./Core/Src/stm32f7xx_hal_msp.o
 .debug_line    0x0000000000001b4a      0x783 ./Core/Src/stm32f7xx_it.o
 .debug_line    0x00000000000022cd      0x4f8 ./Core/Src/sysmem.o
 .debug_line    0x00000000000027c5      0x740 ./Core/Src/system_stm32f7xx.o
 .debug_line    0x0000000000002f05       0x88 ./Core/Startup/startup_stm32f746nghx.o
 .debug_line    0x0000000000002f8d      0x9d1 ./Drivers/STM32F7xx_HAL_Driver/Src/stm32f7xx_hal.o
 .debug_line    0x000000000000395e      0xc57 ./Drivers/STM32F7xx_HAL_Driver/Src/stm32f7xx_hal_cortex.o
 .debug_line    0x00000000000045b5      0xb53 ./Drivers/STM32F7xx_HAL_Driver/Src/stm32f7xx_hal_gpio.o
 .debug_line    0x0000000000005108     0x32af ./Drivers/STM32F7xx_HAL_Driver/Src/stm32f7xx_hal_i2c.o
 .debug_line    0x00000000000083b7      0x7fc ./Drivers/STM32F7xx_HAL_Driver/Src/stm32f7xx_hal_i2c_ex.o
 .debug_line    0x0000000000008bb3      0x946 ./Drivers/STM32F7xx_HAL_Driver/Src/stm32f7xx_hal_pwr_ex.o
 .debug_line    0x00000000000094f9      0xe12 ./Drivers/STM32F7xx_HAL_Driver/Src/stm32f7xx_hal_rcc.o
 .debug_line    0x000000000000a30b      0xdcd ./Drivers/STM32F7xx_HAL_Driver/Src/stm32f7xx_hal_rcc_ex.o
 .debug_line    0x000000000000b0d8     0x1cb7 ./Drivers/STM32F7xx_HAL_Driver/Src/stm32f7xx_hal_uart.o

.debug_str      0x0000000000000000    0xe6e4d
 .debug_str     0x0000000000000000    0xdf399 ./Core/Sensors/Src/LIDARLite_v4LED.o
                                      0xdfb33 (size before relaxing)
 .debug_str     0x00000000000df399     0x47b9 ./Core/Src/main.o
                                      0xe4202 (size before relaxing)
 .debug_str     0x00000000000e3b52       0xe5 ./Core/Src/stm32f7xx_hal_msp.o
                                      0xdfb0c (size before relaxing)
 .debug_str     0x00000000000e3c37       0xbd ./Core/Src/stm32f7xx_it.o
                                      0xdf29e (size before relaxing)
 .debug_str     0x00000000000e3cf4      0x4e9 ./Core/Src/sysmem.o
                                       0x62ef (size before relaxing)
 .debug_str     0x00000000000e41dd      0x178 ./Core/Src/system_stm32f7xx.o
                                      0xdf468 (size before relaxing)
 .debug_str     0x00000000000e4355       0x36 ./Core/Startup/startup_stm32f746nghx.o
                                         0xbe (size before relaxing)
 .debug_str     0x00000000000e438b      0x908 ./Drivers/STM32F7xx_HAL_Driver/Src/stm32f7xx_hal.o
                                      0xdfd2f (size before relaxing)
 .debug_str     0x00000000000e4c93      0x38f ./Drivers/STM32F7xx_HAL_Driver/Src/stm32f7xx_hal_cortex.o
                                      0xdfdd6 (size before relaxing)
 .debug_str     0x00000000000e5022      0x260 ./Drivers/STM32F7xx_HAL_Driver/Src/stm32f7xx_hal_gpio.o
                                      0xdf653 (size before relaxing)
 .debug_str     0x00000000000e5282      0xd52 ./Drivers/STM32F7xx_HAL_Driver/Src/stm32f7xx_hal_i2c.o
                                      0xe05be (size before relaxing)
 .debug_str     0x00000000000e5fd4       0x89 ./Drivers/STM32F7xx_HAL_Driver/Src/stm32f7xx_hal_i2c_ex.o
                                      0xdf93a (size before relaxing)
 .debug_str     0x00000000000e605d      0x1d1 ./Drivers/STM32F7xx_HAL_Driver/Src/stm32f7xx_hal_pwr_ex.o
                                      0xdf6f7 (size before relaxing)
 .debug_str     0x00000000000e622e      0x26d ./Drivers/STM32F7xx_HAL_Driver/Src/stm32f7xx_hal_rcc.o
                                      0xdf798 (size before relaxing)
 .debug_str     0x00000000000e649b      0x161 ./Drivers/STM32F7xx_HAL_Driver/Src/stm32f7xx_hal_rcc_ex.o
                                      0xdf722 (size before relaxing)
 .debug_str     0x00000000000e65fc      0x851 ./Drivers/STM32F7xx_HAL_Driver/Src/stm32f7xx_hal_uart.o
                                      0xe0068 (size before relaxing)

.comment        0x0000000000000000       0x53
 .comment       0x0000000000000000       0x53 ./Core/Sensors/Src/LIDARLite_v4LED.o
                                         0x54 (size before relaxing)
 .comment       0x0000000000000053       0x54 ./Core/Src/main.o
 .comment       0x0000000000000053       0x54 ./Core/Src/stm32f7xx_hal_msp.o
 .comment       0x0000000000000053       0x54 ./Core/Src/stm32f7xx_it.o
 .comment       0x0000000000000053       0x54 ./Core/Src/sysmem.o
 .comment       0x0000000000000053       0x54 ./Core/Src/system_stm32f7xx.o
 .comment       0x0000000000000053       0x54 ./Drivers/STM32F7xx_HAL_Driver/Src/stm32f7xx_hal.o
 .comment       0x0000000000000053       0x54 ./Drivers/STM32F7xx_HAL_Driver/Src/stm32f7xx_hal_cortex.o
 .comment       0x0000000000000053       0x54 ./Drivers/STM32F7xx_HAL_Driver/Src/stm32f7xx_hal_gpio.o
 .comment       0x0000000000000053       0x54 ./Drivers/STM32F7xx_HAL_Driver/Src/stm32f7xx_hal_i2c.o
 .comment       0x0000000000000053       0x54 ./Drivers/STM32F7xx_HAL_Driver/Src/stm32f7xx_hal_i2c_ex.o
 .comment       0x0000000000000053       0x54 ./Drivers/STM32F7xx_HAL_Driver/Src/stm32f7xx_hal_pwr_ex.o
 .comment       0x0000000000000053       0x54 ./Drivers/STM32F7xx_HAL_Driver/Src/stm32f7xx_hal_rcc.o
 .comment       0x0000000000000053       0x54 ./Drivers/STM32F7xx_HAL_Driver/Src/stm32f7xx_hal_rcc_ex.o
 .comment       0x0000000000000053       0x54 ./Drivers/STM32F7xx_HAL_Driver/Src/stm32f7xx_hal_uart.o

.debug_frame    0x0000000000000000     0x2f20
 .debug_frame   0x0000000000000000      0x274 ./Core/Sensors/Src/LIDARLite_v4LED.o
 .debug_frame   0x0000000000000274       0xd4 ./Core/Src/main.o
 .debug_frame   0x0000000000000348       0xc8 ./Core/Src/stm32f7xx_hal_msp.o
 .debug_frame   0x0000000000000410      0x104 ./Core/Src/stm32f7xx_it.o
 .debug_frame   0x0000000000000514       0x34 ./Core/Src/sysmem.o
 .debug_frame   0x0000000000000548       0x58 ./Core/Src/system_stm32f7xx.o
 .debug_frame   0x00000000000005a0      0x3b4 ./Drivers/STM32F7xx_HAL_Driver/Src/stm32f7xx_hal.o
 .debug_frame   0x0000000000000954      0x498 ./Drivers/STM32F7xx_HAL_Driver/Src/stm32f7xx_hal_cortex.o
 .debug_frame   0x0000000000000dec      0x14c ./Drivers/STM32F7xx_HAL_Driver/Src/stm32f7xx_hal_gpio.o
 .debug_frame   0x0000000000000f38      0xbe8 ./Drivers/STM32F7xx_HAL_Driver/Src/stm32f7xx_hal_i2c.o
 .debug_frame   0x0000000000001b20       0xb0 ./Drivers/STM32F7xx_HAL_Driver/Src/stm32f7xx_hal_i2c_ex.o
 .debug_frame   0x0000000000001bd0      0x1c8 ./Drivers/STM32F7xx_HAL_Driver/Src/stm32f7xx_hal_pwr_ex.o
 .debug_frame   0x0000000000001d98      0x1f0 ./Drivers/STM32F7xx_HAL_Driver/Src/stm32f7xx_hal_rcc.o
 .debug_frame   0x0000000000001f88      0x118 ./Drivers/STM32F7xx_HAL_Driver/Src/stm32f7xx_hal_rcc_ex.o
 .debug_frame   0x00000000000020a0      0x9dc ./Drivers/STM32F7xx_HAL_Driver/Src/stm32f7xx_hal_uart.o
 .debug_frame   0x0000000000002a7c       0x20 c:/st/stm32cubeide_1.7.0/stm32cubeide/plugins/com.st.stm32cube.ide.mcu.externaltools.gnu-tools-for-stm32.9-2020-q2-update.win32_2.0.0.202105311346/tools/bin/../lib/gcc/arm-none-eabi/9.3.1/../../../../arm-none-eabi/lib/thumb/v7e-m+fp/hard\libc_nano.a(lib_a-errno.o)
 .debug_frame   0x0000000000002a9c       0x2c c:/st/stm32cubeide_1.7.0/stm32cubeide/plugins/com.st.stm32cube.ide.mcu.externaltools.gnu-tools-for-stm32.9-2020-q2-update.win32_2.0.0.202105311346/tools/bin/../lib/gcc/arm-none-eabi/9.3.1/../../../../arm-none-eabi/lib/thumb/v7e-m+fp/hard\libc_nano.a(lib_a-init.o)
 .debug_frame   0x0000000000002ac8       0x20 c:/st/stm32cubeide_1.7.0/stm32cubeide/plugins/com.st.stm32cube.ide.mcu.externaltools.gnu-tools-for-stm32.9-2020-q2-update.win32_2.0.0.202105311346/tools/bin/../lib/gcc/arm-none-eabi/9.3.1/../../../../arm-none-eabi/lib/thumb/v7e-m+fp/hard\libc_nano.a(lib_a-memset.o)
 .debug_frame   0x0000000000002ae8       0x6c c:/st/stm32cubeide_1.7.0/stm32cubeide/plugins/com.st.stm32cube.ide.mcu.externaltools.gnu-tools-for-stm32.9-2020-q2-update.win32_2.0.0.202105311346/tools/bin/../lib/gcc/arm-none-eabi/9.3.1/../../../../arm-none-eabi/lib/thumb/v7e-m+fp/hard\libc_nano.a(lib_a-sprintf.o)
 .debug_frame   0x0000000000002b54       0x90 c:/st/stm32cubeide_1.7.0/stm32cubeide/plugins/com.st.stm32cube.ide.mcu.externaltools.gnu-tools-for-stm32.9-2020-q2-update.win32_2.0.0.202105311346/tools/bin/../lib/gcc/arm-none-eabi/9.3.1/../../../../arm-none-eabi/lib/thumb/v7e-m+fp/hard\libc_nano.a(lib_a-nano-svfprintf.o)
 .debug_frame   0x0000000000002be4       0x60 c:/st/stm32cubeide_1.7.0/stm32cubeide/plugins/com.st.stm32cube.ide.mcu.externaltools.gnu-tools-for-stm32.9-2020-q2-update.win32_2.0.0.202105311346/tools/bin/../lib/gcc/arm-none-eabi/9.3.1/../../../../arm-none-eabi/lib/thumb/v7e-m+fp/hard\libc_nano.a(lib_a-nano-vfprintf_i.o)
 .debug_frame   0x0000000000002c44       0x28 c:/st/stm32cubeide_1.7.0/stm32cubeide/plugins/com.st.stm32cube.ide.mcu.externaltools.gnu-tools-for-stm32.9-2020-q2-update.win32_2.0.0.202105311346/tools/bin/../lib/gcc/arm-none-eabi/9.3.1/../../../../arm-none-eabi/lib/thumb/v7e-m+fp/hard\libc_nano.a(lib_a-memcpy-stub.o)
 .debug_frame   0x0000000000002c6c       0x28 c:/st/stm32cubeide_1.7.0/stm32cubeide/plugins/com.st.stm32cube.ide.mcu.externaltools.gnu-tools-for-stm32.9-2020-q2-update.win32_2.0.0.202105311346/tools/bin/../lib/gcc/arm-none-eabi/9.3.1/../../../../arm-none-eabi/lib/thumb/v7e-m+fp/hard\libc_nano.a(lib_a-memmove.o)
 .debug_frame   0x0000000000002c94       0x38 c:/st/stm32cubeide_1.7.0/stm32cubeide/plugins/com.st.stm32cube.ide.mcu.externaltools.gnu-tools-for-stm32.9-2020-q2-update.win32_2.0.0.202105311346/tools/bin/../lib/gcc/arm-none-eabi/9.3.1/../../../../arm-none-eabi/lib/thumb/v7e-m+fp/hard\libc_nano.a(lib_a-nano-freer.o)
 .debug_frame   0x0000000000002ccc       0x30 c:/st/stm32cubeide_1.7.0/stm32cubeide/plugins/com.st.stm32cube.ide.mcu.externaltools.gnu-tools-for-stm32.9-2020-q2-update.win32_2.0.0.202105311346/tools/bin/../lib/gcc/arm-none-eabi/9.3.1/../../../../arm-none-eabi/lib/thumb/v7e-m+fp/hard\libc_nano.a(lib_a-nano-mallocr.o)
 .debug_frame   0x0000000000002cfc       0x3c c:/st/stm32cubeide_1.7.0/stm32cubeide/plugins/com.st.stm32cube.ide.mcu.externaltools.gnu-tools-for-stm32.9-2020-q2-update.win32_2.0.0.202105311346/tools/bin/../lib/gcc/arm-none-eabi/9.3.1/../../../../arm-none-eabi/lib/thumb/v7e-m+fp/hard\libc_nano.a(lib_a-nano-reallocr.o)
 .debug_frame   0x0000000000002d38       0x2c c:/st/stm32cubeide_1.7.0/stm32cubeide/plugins/com.st.stm32cube.ide.mcu.externaltools.gnu-tools-for-stm32.9-2020-q2-update.win32_2.0.0.202105311346/tools/bin/../lib/gcc/arm-none-eabi/9.3.1/../../../../arm-none-eabi/lib/thumb/v7e-m+fp/hard\libc_nano.a(lib_a-sbrkr.o)
 .debug_frame   0x0000000000002d64       0x30 c:/st/stm32cubeide_1.7.0/stm32cubeide/plugins/com.st.stm32cube.ide.mcu.externaltools.gnu-tools-for-stm32.9-2020-q2-update.win32_2.0.0.202105311346/tools/bin/../lib/gcc/arm-none-eabi/9.3.1/../../../../arm-none-eabi/lib/thumb/v7e-m+fp/hard\libc_nano.a(lib_a-mlock.o)
 .debug_frame   0x0000000000002d94       0x20 c:/st/stm32cubeide_1.7.0/stm32cubeide/plugins/com.st.stm32cube.ide.mcu.externaltools.gnu-tools-for-stm32.9-2020-q2-update.win32_2.0.0.202105311346/tools/bin/../lib/gcc/arm-none-eabi/9.3.1/../../../../arm-none-eabi/lib/thumb/v7e-m+fp/hard\libc_nano.a(lib_a-nano-msizer.o)
 .debug_frame   0x0000000000002db4       0x5c c:/st/stm32cubeide_1.7.0/stm32cubeide/plugins/com.st.stm32cube.ide.mcu.externaltools.gnu-tools-for-stm32.9-2020-q2-update.win32_2.0.0.202105311346/tools/bin/../lib/gcc/arm-none-eabi/9.3.1/../../../../arm-none-eabi/lib/thumb/v7e-m+fp/hard\libc_nano.a(lib_a-reent.o)
 .debug_frame   0x0000000000002e10       0xb0 c:/st/stm32cubeide_1.7.0/stm32cubeide/plugins/com.st.stm32cube.ide.mcu.externaltools.gnu-tools-for-stm32.9-2020-q2-update.win32_2.0.0.202105311346/tools/bin/../lib/gcc/arm-none-eabi/9.3.1/../../../../arm-none-eabi/lib/thumb/v7e-m+fp/hard\libc_nano.a(lib_a-lock.o)
 .debug_frame   0x0000000000002ec0       0x2c c:/st/stm32cubeide_1.7.0/stm32cubeide/plugins/com.st.stm32cube.ide.mcu.externaltools.gnu-tools-for-stm32.9-2020-q2-update.win32_2.0.0.202105311346/tools/bin/../lib/gcc/arm-none-eabi/9.3.1/thumb/v7e-m+fp/hard\libgcc.a(_aeabi_uldivmod.o)
 .debug_frame   0x0000000000002eec       0x34 c:/st/stm32cubeide_1.7.0/stm32cubeide/plugins/com.st.stm32cube.ide.mcu.externaltools.gnu-tools-for-stm32.9-2020-q2-update.win32_2.0.0.202105311346/tools/bin/../lib/gcc/arm-none-eabi/9.3.1/thumb/v7e-m+fp/hard\libgcc.a(_udivmoddi4.o)
