main.c:138:5:main	80	static,ignoring_inline_asm
main.c:199:6:SystemClock_Config	216	static
main.c:282:13:MX_ADC3_Init	24	static
main.c:332:13:MX_CRC_Init	8	static
main.c:363:13:MX_DCMI_Init	8	static
main.c:400:13:MX_DMA2D_Init	8	static
main.c:437:13:MX_ETH_Init	8	static
main.c:484:13:MX_I2C1_Init	8	static
main.c:530:13:MX_I2C3_Init	8	static
main.c:576:13:MX_LTDC_Init	64	static
main.c:638:13:MX_QUADSPI_Init	8	static
main.c:673:13:MX_RTC_Init	80	static
main.c:765:13:MX_SAI2_Init	8	static
main.c:840:13:MX_SDMMC1_SD_Init	4	static
main.c:868:13:MX_SPDIFRX_Init	8	static
main.c:904:13:MX_SPI2_Init	8	static
main.c:944:13:MX_TIM1_Init	112	static
main.c:1024:13:MX_TIM2_Init	64	static
main.c:1083:13:MX_TIM3_Init	64	static
main.c:1142:13:MX_TIM5_Init	64	static
main.c:1201:13:MX_TIM8_Init	40	static
main.c:1248:13:MX_TIM12_Init	40	static
main.c:1290:13:MX_USART1_UART_Init	8	static
main.c:1325:13:MX_USART6_UART_Init	8	static
main.c:1356:13:MX_FMC_Init	40	static
main.c:1407:13:MX_GPIO_Init	72	static
main.c:1572:6:StartDefaultTask	16	static
main.c:1593:6:HAL_TIM_PeriodElapsedCallback	16	static
main.c:1610:6:Error_Handler	4	static,ignoring_inline_asm
