stm32f7xx_hal_msp.c:66:6:HAL_MspInit	16	static
stm32f7xx_hal_msp.c:90:6:HAL_ADC_MspInit	48	static
stm32f7xx_hal_msp.c:135:6:HAL_ADC_MspDeInit	16	static
stm32f7xx_hal_msp.c:171:6:HAL_CRC_MspInit	24	static
stm32f7xx_hal_msp.c:193:6:HAL_CRC_MspDeInit	16	static
stm32f7xx_hal_msp.c:215:6:HAL_DCMI_MspInit	64	static
stm32f7xx_hal_msp.c:293:6:HAL_DCMI_MspDeInit	16	static
stm32f7xx_hal_msp.c:340:6:HAL_DMA2D_MspInit	24	static
stm32f7xx_hal_msp.c:365:6:HAL_DMA2D_MspDeInit	16	static
stm32f7xx_hal_msp.c:390:6:HAL_ETH_MspInit	64	static
stm32f7xx_hal_msp.c:449:6:HAL_ETH_MspDeInit	16	static
stm32f7xx_hal_msp.c:489:6:HAL_I2C_MspInit	56	static
stm32f7xx_hal_msp.c:549:6:HAL_I2C_MspDeInit	16	static
stm32f7xx_hal_msp.c:600:6:HAL_LTDC_MspInit	64	static
stm32f7xx_hal_msp.c:701:6:HAL_LTDC_MspDeInit	16	static
stm32f7xx_hal_msp.c:770:6:HAL_QSPI_MspInit	56	static
stm32f7xx_hal_msp.c:833:6:HAL_QSPI_MspDeInit	16	static
stm32f7xx_hal_msp.c:870:6:HAL_RTC_MspInit	16	static
stm32f7xx_hal_msp.c:892:6:HAL_RTC_MspDeInit	16	static
stm32f7xx_hal_msp.c:914:6:HAL_SD_MspInit	48	static
stm32f7xx_hal_msp.c:963:6:HAL_SD_MspDeInit	16	static
stm32f7xx_hal_msp.c:999:6:HAL_SPDIFRX_MspInit	48	static
stm32f7xx_hal_msp.c:1034:6:HAL_SPDIFRX_MspDeInit	16	static
stm32f7xx_hal_msp.c:1062:6:HAL_SPI_MspInit	48	static
stm32f7xx_hal_msp.c:1107:6:HAL_SPI_MspDeInit	16	static
stm32f7xx_hal_msp.c:1139:6:HAL_TIM_Base_MspInit	40	static
stm32f7xx_hal_msp.c:1205:6:HAL_TIM_PWM_MspInit	24	static
stm32f7xx_hal_msp.c:1221:6:HAL_TIM_MspPostInit	56	static
stm32f7xx_hal_msp.c:1336:6:HAL_TIM_Base_MspDeInit	16	static
stm32f7xx_hal_msp.c:1402:6:HAL_TIM_PWM_MspDeInit	16	static
stm32f7xx_hal_msp.c:1424:6:HAL_UART_MspInit	56	static
stm32f7xx_hal_msp.c:1492:6:HAL_UART_MspDeInit	16	static
stm32f7xx_hal_msp.c:1537:13:HAL_FMC_MspInit	32	static
stm32f7xx_hal_msp.c:1643:6:HAL_SDRAM_MspInit	16	static
stm32f7xx_hal_msp.c:1655:13:HAL_FMC_MspDeInit	8	static
stm32f7xx_hal_msp.c:1729:6:HAL_SDRAM_MspDeInit	16	static
stm32f7xx_hal_msp.c:1741:6:HAL_SAI_MspInit	48	static
stm32f7xx_hal_msp.c:1791:6:HAL_SAI_MspDeInit	16	static
